---------------Script Timeline -------------------------
2024-07-21 01:23:14 - Script started
2024-07-21 01:23:14 - Adding and committing scripts to git
2024-07-21 01:23:14 - Files added and committed to Git
2024-07-21 01:23:14 - Fetching the current git hash
2024-07-21 01:23:14 - Current Git commit hash: 8f668db39551897e57bc41eed373028c5eb2807a
2024-07-21 01:23:14 - python skimmer.py -s -o output_20240721_012314_sample.coffea


Working on ttbarSample_UL2016preVFP
Output file is stored in outputs/output_20240721_012314_sample.coffea
2024-07-21 01:23:23 - python messegeBOT.py
{'ok': True, 'result': {'message_id': 1107, 'from': {'id': 6939748954, 'is_bot': True, 'first_name': 'msgerFromCode', 'username': 'MessengerfromCodeBot'}, 'chat': {'id': 977112746, 'first_name': 'Mukund', 'last_name': 'Shelake', 'username': 'mksh_pune', 'type': 'private'}, 'date': 1721504966, 'text': 'Hello, this is a direct message from my code! The run is complete'}}
2024-07-21 01:23:23 - Script completed
===========================================================
2024-07-21 01:23:23 - ---------------Summary -------------------------
Description: Messed up filling of pIdx last time
Timestamp: 20240721_012314_sample
Log filename: log_20240721_012314_sample.log
Skimmer output filename: output_20240721_012314_sample.coffea
Git hash: 8f668db39551897e57bc41eed373028c5eb2807a
Script Status: Successfully run
===========================================================
