---------------Script Timeline -------------------------
2024-07-20 04:56:47 - Script started
2024-07-20 04:56:47 - Adding and committing scripts to git
2024-07-20 04:56:47 - Files added and committed to Git
2024-07-20 04:56:47 - Fetching the current git hash
2024-07-20 04:56:47 - Current Git commit hash: a2f9c0162ed1d6a9dca49a4eec73ac449d9bdbc6
2024-07-20 04:56:47 - python skimmer.py  -o output_20240720_045647.coffea


Working on fullRun2
Output file is stored in outputs/output_20240720_045647.coffea
2024-07-20 06:31:50 - python messegeBOT.py
{'ok': True, 'result': {'message_id': 1105, 'from': {'id': 6939748954, 'is_bot': True, 'first_name': 'msgerFromCode', 'username': 'MessengerfromCodeBot'}, 'chat': {'id': 977112746, 'first_name': 'Mukund', 'last_name': 'Shelake', 'username': 'mksh_pune', 'type': 'private'}, 'date': 1721437294, 'text': 'Hello, this is a direct message from my code! The run is complete'}}
2024-07-20 06:31:55 - Script completed
===========================================================
2024-07-20 06:31:55 - ---------------Summary -------------------------
Timestamp: 20240720_045647
Log filename: log_20240720_045647.log
Skimmer output filename: output_20240720_045647.coffea
Git hash: a2f9c0162ed1d6a9dca49a4eec73ac449d9bdbc6
Script Status: Successfully run
===========================================================
