---------------Script Timeline -------------------------
2024-07-19 19:20:32 - Script started
2024-07-19 19:20:32 - Adding and committing scripts to git
2024-07-19 19:20:32 - Files added and committed to Git
2024-07-19 19:20:32 - Fetching the current git hash
2024-07-19 19:20:32 - Current Git commit hash: 0fefb1b06f8b024ec211661939f6ed713515b9c3
2024-07-19 19:20:32 - python newskimmer.py -s -o output_2024-07-19_19-20-32_sample.coffea


Working on ttbarSample_UL2016preVFP
Output file is stored in outputs/output_2024-07-19_19-20-32_sample.coffea
2024-07-19 19:20:41 - python messageBOT.py
python: can't open file '/home/mukund/Projects/updatedCoffea/Coffea_Analysis/src/Scripts/messageBOT.py': [Errno 2] No such file or directory
2024-07-19 19:20:41 - Script completed
===========================================================
2024-07-19 19:20:41 - ---------------Summary -------------------------
Timestamp: 2024-07-19_19-20-32_sample
Log filename: log_2024-07-19_19-20-32_sample.log
Skimmer output filename: output_2024-07-19_19-20-32_sample.coffea
Git hash: 0fefb1b06f8b024ec211661939f6ed713515b9c3
Script Status: Successfully run
===========================================================
