---------------Script Timeline -------------------------
2024-07-20 04:23:23 - Script started
2024-07-20 04:23:23 - Adding and committing scripts to git
Error: Last command failed with status 128
2024-07-20 04:23:24 - Files added and committed to Git
2024-07-20 04:23:24 - Fetching the current git hash
2024-07-20 04:23:24 - Current Git commit hash: 8dccfdd2afe09b12bd3417927451381c44ce106d
2024-07-20 04:23:24 - python skimmer.py -s -o output_20240720_042323_sample.coffea


Working on ttbarSample_UL2016preVFP
Output file is stored in outputs/output_20240720_042323_sample.coffea
2024-07-20 04:23:36 - python messegeBOT.py
{'ok': True, 'result': {'message_id': 1103, 'from': {'id': 6939748954, 'is_bot': True, 'first_name': 'msgerFromCode', 'username': 'MessengerfromCodeBot'}, 'chat': {'id': 977112746, 'first_name': 'Mukund', 'last_name': 'Shelake', 'username': 'mksh_pune', 'type': 'private'}, 'date': 1721429596, 'text': 'Hello, this is a direct message from my code! The run is complete'}}
2024-07-20 04:23:37 - Script completed
===========================================================
2024-07-20 04:23:37 - ---------------Summary -------------------------
Timestamp: 20240720_042323_sample
Log filename: log_20240720_042323_sample.log
Skimmer output filename: output_20240720_042323_sample.coffea
Git hash: 8dccfdd2afe09b12bd3417927451381c44ce106d
Script Status: Failed
===========================================================
