---------------Script Timeline -------------------------
2024-07-21 02:10:42 - Script started
2024-07-21 02:10:42 - Adding and committing scripts to git
2024-07-21 02:10:42 - Files added and committed to Git
2024-07-21 02:10:42 - Fetching the current git hash
2024-07-21 02:10:42 - Current Git commit hash: 3b072380ae094ca2ad1f4c494a3d3c9b6360ff19
2024-07-21 02:10:42 - python skimmer.py -s -o skimmerOutput_20240721_021042_sample.coffea


Working on ttbarSample_UL2016preVFP
Output file is stored in outputs/skimmerOutput_20240721_021042_sample.coffea
2024-07-21 02:10:50 - python messegeBOT.py
{'ok': True, 'result': {'message_id': 1111, 'from': {'id': 6939748954, 'is_bot': True, 'first_name': 'msgerFromCode', 'username': 'MessengerfromCodeBot'}, 'chat': {'id': 977112746, 'first_name': 'Mukund', 'last_name': 'Shelake', 'username': 'mksh_pune', 'type': 'private'}, 'date': 1721508031, 'text': 'Hello, this is a direct message from my code! The run is complete'}}
2024-07-21 02:10:51 - Script completed
===========================================================
2024-07-21 02:10:51 - ---------------Summary -------------------------
Description: Trying out the use of shift
Timestamp: 20240721_021042_sample
Log filename: logs/log_20240721_021042_sample.log
Skimmer output filename: skimmerOutput_20240721_021042_sample.coffea
Git hash: 3b072380ae094ca2ad1f4c494a3d3c9b6360ff19
Script Status: Successfully run
===========================================================
