---------------Script Timeline -------------------------
2024-07-19 19:28:13 - Script started
2024-07-19 19:28:13 - Adding and committing scripts to git
2024-07-19 19:28:13 - Files added and committed to Git
2024-07-19 19:28:13 - Fetching the current git hash
2024-07-19 19:28:13 - Current Git commit hash: 142d38cf011bdce28cbe72927e4eab60e65aa9eb
2024-07-19 19:28:13 - python newskimmer.py -s -o output_2024-07-19_19-28-13_sample.coffea


Working on ttbarSample_UL2016preVFP
Output file is stored in outputs/output_2024-07-19_19-28-13_sample.coffea
2024-07-19 19:28:21 - python messegeBOT.py
{'ok': True, 'result': {'message_id': 1099, 'from': {'id': 6939748954, 'is_bot': True, 'first_name': 'msgerFromCode', 'username': 'MessengerfromCodeBot'}, 'chat': {'id': 977112746, 'first_name': 'Mukund', 'last_name': 'Shelake', 'username': 'mksh_pune', 'type': 'private'}, 'date': 1721397263, 'text': 'Hello, this is a direct message from my code! The run is complete'}}
2024-07-19 19:28:22 - Script completed
===========================================================
2024-07-19 19:28:22 - ---------------Summary -------------------------
Timestamp: 2024-07-19_19-28-13_sample
Log filename: log_2024-07-19_19-28-13_sample.log
Skimmer output filename: output_2024-07-19_19-28-13_sample.coffea
Git hash: 142d38cf011bdce28cbe72927e4eab60e65aa9eb
Script Status: Successfully run
===========================================================
