---------------Script Timeline -------------------------
2024-07-20 04:52:24 - Script started
2024-07-20 04:52:24 - Adding and committing scripts to git
2024-07-20 04:52:24 - Files added and committed to Git
2024-07-20 04:52:24 - Fetching the current git hash
2024-07-20 04:52:24 - Current Git commit hash: 591b871cee52812724c009205deaf38eb1c9e6db
2024-07-20 04:52:24 - python skimmer.py -s -o output_20240720_045224_sample.coffea


Working on ttbarSample_UL2016preVFP
Output file is stored in outputs/output_20240720_045224_sample.coffea
2024-07-20 04:52:32 - python messegeBOT.py
{'ok': True, 'result': {'message_id': 1104, 'from': {'id': 6939748954, 'is_bot': True, 'first_name': 'msgerFromCode', 'username': 'MessengerfromCodeBot'}, 'chat': {'id': 977112746, 'first_name': 'Mukund', 'last_name': 'Shelake', 'username': 'mksh_pune', 'type': 'private'}, 'date': 1721431332, 'text': 'Hello, this is a direct message from my code! The run is complete'}}
2024-07-20 04:52:33 - Script completed
===========================================================
2024-07-20 04:52:33 - ---------------Summary -------------------------
Timestamp: 20240720_045224_sample
Log filename: log_20240720_045224_sample.log
Skimmer output filename: output_20240720_045224_sample.coffea
Git hash: 591b871cee52812724c009205deaf38eb1c9e6db
Script Status: Successfully run
===========================================================
