---------------Script Timeline -------------------------
2024-07-25 13:01:05 - Script started
2024-07-25 13:01:05 - Adding and committing scripts to git
2024-07-25 13:01:05 - Files added and committed to Git
2024-07-25 13:01:05 - Fetching the current git hash
2024-07-25 13:01:05 - Current Git commit hash: 77ebebf865c35f83a7741e92fb65225ef2e319ae
2024-07-25 13:01:05 - python skimmer.py  -o skimmerOutput_20240725_130105.coffea -c ttbar_SemiLeptonic
Selected eras: ['UL2016preVFP', 'UL2016postVFP', 'UL2017', 'UL2018']
Sample mode: False
Output file: skimmerOutput_20240725_130105.coffea
Channels: ['ttbar_SemiLeptonic']
Output file is stored in outputs/skimmerOutput_20240725_130105.coffea
2024-07-25 14:28:30 - python messegeBOT.py
{'ok': True, 'result': {'message_id': 1119, 'from': {'id': 6939748954, 'is_bot': True, 'first_name': 'msgerFromCode', 'username': 'MessengerfromCodeBot'}, 'chat': {'id': 977112746, 'first_name': 'Mukund', 'last_name': 'Shelake', 'username': 'mksh_pune', 'type': 'private'}, 'date': 1721897899, 'text': 'Hello, this is a direct message from my code! The run is complete'}}
2024-07-25 14:28:32 - Script completed
===========================================================
2024-07-25 14:28:32 - ---------------Summary -------------------------
Description: Running on full data after removing c* and putting back 16 bins for beta
Timestamp: 20240725_130105
Log filename: logs/log_20240725_130105.log
Skimmer output filename: skimmerOutput_20240725_130105.coffea
Git hash: 77ebebf865c35f83a7741e92fb65225ef2e319ae
Script Status: Successfully run
===========================================================
