---------------Script Timeline -------------------------
2024-08-27 06:43:27 - Script started
2024-08-27 06:43:27 - Adding and committing scripts to git
2024-08-27 06:43:27 - Files added and committed to Git
2024-08-27 06:43:27 - Fetching the current git hash
2024-08-27 06:43:27 - Current Git commit hash: 1a1f413dace8a11f0dffa1448a43acdec6679477
2024-08-27 06:43:27 - python LHSskimmer.py -s -t 20240827_064327_sample -c ttbar_SemiLeptonic
Selected eras: ['UL2016preVFP', 'UL2016postVFP', 'UL2017', 'UL2018']
Sample mode: True
Timestamp for book keeping: 20240827_064327_sample
Channels: ['ttbar_SemiLeptonic']
Output file is stored in outputs/20240827_064327_sample/LHSskimmerOutput_20240827_064327_sample.coffea
2024-08-27 06:44:01 - python RHSskimmer.py -s -t 20240827_064327_sample -c ttbar_SemiLeptonic
Selected eras: ['UL2016preVFP', 'UL2016postVFP', 'UL2017', 'UL2018']
Sample mode: True
Timestamp for book-keeping: 20240827_064327_sample
Channels: ['ttbar_SemiLeptonic']
Output file is stored in outputs/20240827_064327_sample/RHSskimmerOutput_20240827_064327_sample.coffea
2024-08-27 06:44:40 - python messegeBOT.py
{'ok': True, 'result': {'message_id': 2335, 'from': {'id': 6939748954, 'is_bot': True, 'first_name': 'msgerFromCode', 'username': 'MessengerfromCodeBot'}, 'chat': {'id': 977112746, 'first_name': 'Mukund', 'last_name': 'Shelake', 'username': 'mksh_pune', 'type': 'private'}, 'date': 1724721301, 'text': 'Hello, this is a direct message from my code! The run is complete'}}
2024-08-27 06:44:41 - python LHSextractor.py -t 20240827_064327_sample
Parsing arguments
The obtained A_FB values are:  [0.03050258 0.04692696 0.02267246 0.05579647 0.08736462]
The obtained A_C values are:  [0.00309129 0.00489933 0.00238445 0.0076691  0.00561687]
The obtained A_out values are:  [-0.00273997 -0.00347323  0.00150999  0.00779315 -0.00623369]
The obtained A_in values are:  [-0.00070048 -0.00032443 -0.00137421 -0.00434806  0.00195912]
<class 'pandas.core.frame.DataFrame'>
RangeIndex: 5 entries, 0 to 4
Data columns (total 4 columns):
 #   Column  Non-Null Count  Dtype  
---  ------  --------------  -----  
 0   A_FB    5 non-null      float64
 1   A_C     5 non-null      float64
 2   A_in    5 non-null      float64
 3   A_out   5 non-null      float64
dtypes: float64(4)
memory usage: 292.0 bytes
None
       A_FB       A_C      A_in     A_out
0  0.030503  0.003091 -0.000700 -0.002740
1  0.046927  0.004899 -0.000324 -0.003473
2  0.022672  0.002384 -0.001374  0.001510
3  0.055796  0.007669 -0.004348  0.007793
4  0.087365  0.005617  0.001959 -0.006234
DataFrame saved to outputs/20240827_064327_sample/LHSdata_UL2016preVFP_ttbar_SemiLeptonic_20240827_064327_sample.csv
The obtained A_FB values are:  [0.03686854 0.03072124 0.04015991 0.04371338 0.07783784]
The obtained A_C values are:  [0.00086085 0.00324208 0.00600035 0.00807644 0.01270376]
The obtained A_out values are:  [-0.00121256  0.00517953  0.00633981  0.00711371  0.01109152]
The obtained A_in values are:  [-0.00018839 -0.00170854 -0.00287162 -0.00356127 -0.00531459]
<class 'pandas.core.frame.DataFrame'>
RangeIndex: 5 entries, 0 to 4
Data columns (total 4 columns):
 #   Column  Non-Null Count  Dtype  
---  ------  --------------  -----  
 0   A_FB    5 non-null      float64
 1   A_C     5 non-null      float64
 2   A_in    5 non-null      float64
 3   A_out   5 non-null      float64
dtypes: float64(4)
memory usage: 292.0 bytes
None
       A_FB       A_C      A_in     A_out
0  0.036869  0.000861 -0.000188 -0.001213
1  0.030721  0.003242 -0.001709  0.005180
2  0.040160  0.006000 -0.002872  0.006340
3  0.043713  0.008076 -0.003561  0.007114
4  0.077838  0.012704 -0.005315  0.011092
DataFrame saved to outputs/20240827_064327_sample/LHSdata_UL2016postVFP_ttbar_SemiLeptonic_20240827_064327_sample.csv
The obtained A_FB values are:  [0.02564357 0.04115552 0.04537556 0.03644702 0.07380282]
The obtained A_C values are:  [-0.00101144 -0.00124664  0.00154564  0.00335901  0.00757817]
The obtained A_out values are:  [ 0.00237591 -0.00456741  0.00167587  0.00717551  0.00740916]
The obtained A_in values are:  [-0.00053204  0.00160632 -0.00041454 -0.0040791  -0.00266363]
<class 'pandas.core.frame.DataFrame'>
RangeIndex: 5 entries, 0 to 4
Data columns (total 4 columns):
 #   Column  Non-Null Count  Dtype  
---  ------  --------------  -----  
 0   A_FB    5 non-null      float64
 1   A_C     5 non-null      float64
 2   A_in    5 non-null      float64
 3   A_out   5 non-null      float64
dtypes: float64(4)
memory usage: 292.0 bytes
None
       A_FB       A_C      A_in     A_out
0  0.025644 -0.001011 -0.000532  0.002376
1  0.041156 -0.001247  0.001606 -0.004567
2  0.045376  0.001546 -0.000415  0.001676
3  0.036447  0.003359 -0.004079  0.007176
4  0.073803  0.007578 -0.002664  0.007409
DataFrame saved to outputs/20240827_064327_sample/LHSdata_UL2017_ttbar_SemiLeptonic_20240827_064327_sample.csv
The obtained A_FB values are:  [0.01306629 0.03601108 0.03598201 0.04367201 0.06080347]
The obtained A_C values are:  [0.00067299 0.0067046  0.00336379 0.00057102 0.00720478]
The obtained A_out values are:  [ 0.00531415 -0.00237318  0.00525516  0.00338194  0.00452642]
The obtained A_in values are:  [-0.00166607 -0.00075498 -0.00414537 -0.0011029  -0.00361136]
<class 'pandas.core.frame.DataFrame'>
RangeIndex: 5 entries, 0 to 4
Data columns (total 4 columns):
 #   Column  Non-Null Count  Dtype  
---  ------  --------------  -----  
 0   A_FB    5 non-null      float64
 1   A_C     5 non-null      float64
 2   A_in    5 non-null      float64
 3   A_out   5 non-null      float64
dtypes: float64(4)
memory usage: 292.0 bytes
None
       A_FB       A_C      A_in     A_out
0  0.013066  0.000673 -0.001666  0.005314
1  0.036011  0.006705 -0.000755 -0.002373
2  0.035982  0.003364 -0.004145  0.005255
3  0.043672  0.000571 -0.001103  0.003382
4  0.060803  0.007205 -0.003611  0.004526
DataFrame saved to outputs/20240827_064327_sample/LHSdata_UL2018_ttbar_SemiLeptonic_20240827_064327_sample.csv
2024-08-27 06:44:43 - python RHSextractor.py -t 20240827_064327_sample
<class 'pandas.core.frame.DataFrame'>
RangeIndex: 5 entries, 0 to 4
Data columns (total 32 columns):
 #   Column             Non-Null Count  Dtype  
---  ------             --------------  -----  
 0   Du                 5 non-null      float64
 1   Dd                 5 non-null      float64
 2   Fu_Nq              5 non-null      float64
 3   Fd_Nq              5 non-null      float64
 4   Fu_NEvents         5 non-null      float64
 5   Fd_NEvents         5 non-null      float64
 6   Du_out             5 non-null      float64
 7   Dd_out             5 non-null      float64
 8   Fu_Nq_out          5 non-null      float64
 9   Fd_Nq_out          5 non-null      float64
 10  Fu_NEvents_out     5 non-null      float64
 11  Fd_NEvents_out     5 non-null      float64
 12  outFactor          5 non-null      float64
 13  Du_in              5 non-null      float64
 14  Dd_in              5 non-null      float64
 15  Fu_Nq_in           5 non-null      float64
 16  Fd_Nq_in           5 non-null      float64
 17  Fu_NEvents_in      5 non-null      float64
 18  Fd_NEvents_in      5 non-null      float64
 19  inFactor           5 non-null      float64
 20  Du_notIN           5 non-null      float64
 21  Dd_notIN           5 non-null      float64
 22  Fu_Nq_notIN        5 non-null      float64
 23  Fd_Nq_notIN        5 non-null      float64
 24  Fu_NEvents_notIN   5 non-null      float64
 25  Fd_NEvents_notIN   5 non-null      float64
 26  Du_notOUT          5 non-null      float64
 27  Dd_notOUT          5 non-null      float64
 28  Fu_Nq_notOUT       5 non-null      float64
 29  Fd_Nq_notOUT       5 non-null      float64
 30  Fu_NEvents_notOUT  5 non-null      float64
 31  Fd_NEvents_notOUT  5 non-null      float64
dtypes: float64(32)
memory usage: 1.4 KB
None
         Du        Dd  ...  Fu_NEvents_notOUT  Fd_NEvents_notOUT
0  0.624408  0.416049  ...           0.036248           0.026057
1  0.634141  0.419770  ...           0.032980           0.021923
2  0.641965  0.430065  ...           0.033149           0.022062
3  0.669471  0.471373  ...           0.034426           0.022653
4  0.646512  0.465263  ...           0.037842           0.021826

[5 rows x 32 columns]
DataFrame saved to outputs/20240827_064327_sample/RHSdata_UL2016preVFP_ttbar_SemiLeptonic_20240827_064327_sample.csv
<class 'pandas.core.frame.DataFrame'>
RangeIndex: 5 entries, 0 to 4
Data columns (total 32 columns):
 #   Column             Non-Null Count  Dtype  
---  ------             --------------  -----  
 0   Du                 5 non-null      float64
 1   Dd                 5 non-null      float64
 2   Fu_Nq              5 non-null      float64
 3   Fd_Nq              5 non-null      float64
 4   Fu_NEvents         5 non-null      float64
 5   Fd_NEvents         5 non-null      float64
 6   Du_out             5 non-null      float64
 7   Dd_out             5 non-null      float64
 8   Fu_Nq_out          5 non-null      float64
 9   Fd_Nq_out          5 non-null      float64
 10  Fu_NEvents_out     5 non-null      float64
 11  Fd_NEvents_out     5 non-null      float64
 12  outFactor          5 non-null      float64
 13  Du_in              5 non-null      float64
 14  Dd_in              5 non-null      float64
 15  Fu_Nq_in           5 non-null      float64
 16  Fd_Nq_in           5 non-null      float64
 17  Fu_NEvents_in      5 non-null      float64
 18  Fd_NEvents_in      5 non-null      float64
 19  inFactor           5 non-null      float64
 20  Du_notIN           5 non-null      float64
 21  Dd_notIN           5 non-null      float64
 22  Fu_Nq_notIN        5 non-null      float64
 23  Fd_Nq_notIN        5 non-null      float64
 24  Fu_NEvents_notIN   5 non-null      float64
 25  Fd_NEvents_notIN   5 non-null      float64
 26  Du_notOUT          5 non-null      float64
 27  Dd_notOUT          5 non-null      float64
 28  Fu_Nq_notOUT       5 non-null      float64
 29  Fd_Nq_notOUT       5 non-null      float64
 30  Fu_NEvents_notOUT  5 non-null      float64
 31  Fd_NEvents_notOUT  5 non-null      float64
dtypes: float64(32)
memory usage: 1.4 KB
None
         Du        Dd  ...  Fu_NEvents_notOUT  Fd_NEvents_notOUT
0  0.618114  0.412351  ...           0.036528           0.025434
1  0.648090  0.423590  ...           0.032725           0.022254
2  0.620986  0.435062  ...           0.032506           0.022087
3  0.641326  0.446655  ...           0.032862           0.022507
4  0.647378  0.472754  ...           0.037384           0.023967

[5 rows x 32 columns]
DataFrame saved to outputs/20240827_064327_sample/RHSdata_UL2016postVFP_ttbar_SemiLeptonic_20240827_064327_sample.csv
<class 'pandas.core.frame.DataFrame'>
RangeIndex: 5 entries, 0 to 4
Data columns (total 32 columns):
 #   Column             Non-Null Count  Dtype  
---  ------             --------------  -----  
 0   Du                 5 non-null      float64
 1   Dd                 5 non-null      float64
 2   Fu_Nq              5 non-null      float64
 3   Fd_Nq              5 non-null      float64
 4   Fu_NEvents         5 non-null      float64
 5   Fd_NEvents         5 non-null      float64
 6   Du_out             5 non-null      float64
 7   Dd_out             5 non-null      float64
 8   Fu_Nq_out          5 non-null      float64
 9   Fd_Nq_out          5 non-null      float64
 10  Fu_NEvents_out     5 non-null      float64
 11  Fd_NEvents_out     5 non-null      float64
 12  outFactor          5 non-null      float64
 13  Du_in              5 non-null      float64
 14  Dd_in              5 non-null      float64
 15  Fu_Nq_in           5 non-null      float64
 16  Fd_Nq_in           5 non-null      float64
 17  Fu_NEvents_in      5 non-null      float64
 18  Fd_NEvents_in      5 non-null      float64
 19  inFactor           5 non-null      float64
 20  Du_notIN           5 non-null      float64
 21  Dd_notIN           5 non-null      float64
 22  Fu_Nq_notIN        5 non-null      float64
 23  Fd_Nq_notIN        5 non-null      float64
 24  Fu_NEvents_notIN   5 non-null      float64
 25  Fd_NEvents_notIN   5 non-null      float64
 26  Du_notOUT          5 non-null      float64
 27  Dd_notOUT          5 non-null      float64
 28  Fu_Nq_notOUT       5 non-null      float64
 29  Fd_Nq_notOUT       5 non-null      float64
 30  Fu_NEvents_notOUT  5 non-null      float64
 31  Fd_NEvents_notOUT  5 non-null      float64
dtypes: float64(32)
memory usage: 1.4 KB
None
         Du        Dd  ...  Fu_NEvents_notOUT  Fd_NEvents_notOUT
0  0.616192  0.416655  ...           0.036610           0.025206
1  0.662099  0.425716  ...           0.032658           0.021940
2  0.642424  0.424116  ...           0.032206           0.022022
3  0.670559  0.477141  ...           0.032244           0.021752
4  0.669516  0.505376  ...           0.036956           0.023601

[5 rows x 32 columns]
DataFrame saved to outputs/20240827_064327_sample/RHSdata_UL2017_ttbar_SemiLeptonic_20240827_064327_sample.csv
<class 'pandas.core.frame.DataFrame'>
RangeIndex: 5 entries, 0 to 4
Data columns (total 32 columns):
 #   Column             Non-Null Count  Dtype  
---  ------             --------------  -----  
 0   Du                 5 non-null      float64
 1   Dd                 5 non-null      float64
 2   Fu_Nq              5 non-null      float64
 3   Fd_Nq              5 non-null      float64
 4   Fu_NEvents         5 non-null      float64
 5   Fd_NEvents         5 non-null      float64
 6   Du_out             5 non-null      float64
 7   Dd_out             5 non-null      float64
 8   Fu_Nq_out          5 non-null      float64
 9   Fd_Nq_out          5 non-null      float64
 10  Fu_NEvents_out     5 non-null      float64
 11  Fd_NEvents_out     5 non-null      float64
 12  outFactor          5 non-null      float64
 13  Du_in              5 non-null      float64
 14  Dd_in              5 non-null      float64
 15  Fu_Nq_in           5 non-null      float64
 16  Fd_Nq_in           5 non-null      float64
 17  Fu_NEvents_in      5 non-null      float64
 18  Fd_NEvents_in      5 non-null      float64
 19  inFactor           5 non-null      float64
 20  Du_notIN           5 non-null      float64
 21  Dd_notIN           5 non-null      float64
 22  Fu_Nq_notIN        5 non-null      float64
 23  Fd_Nq_notIN        5 non-null      float64
 24  Fu_NEvents_notIN   5 non-null      float64
 25  Fd_NEvents_notIN   5 non-null      float64
 26  Du_notOUT          5 non-null      float64
 27  Dd_notOUT          5 non-null      float64
 28  Fu_Nq_notOUT       5 non-null      float64
 29  Fd_Nq_notOUT       5 non-null      float64
 30  Fu_NEvents_notOUT  5 non-null      float64
 31  Fd_NEvents_notOUT  5 non-null      float64
dtypes: float64(32)
memory usage: 1.4 KB
None
         Du        Dd  ...  Fu_NEvents_notOUT  Fd_NEvents_notOUT
0  0.640444  0.408574  ...           0.036818           0.025483
1  0.635887  0.416356  ...           0.033171           0.023419
2  0.647099  0.457005  ...           0.031473           0.022807
3  0.642177  0.447164  ...           0.034561           0.022688
4  0.695811  0.452967  ...           0.037301           0.024375

[5 rows x 32 columns]
DataFrame saved to outputs/20240827_064327_sample/RHSdata_UL2018_ttbar_SemiLeptonic_20240827_064327_sample.csv
2024-08-27 06:44:49 - 
2024-08-27 06:44:49 - 
2024-08-27 06:44:49 - Script completed
===========================================================
2024-08-27 06:44:49 - ---------------Summary -------------------------
Description: checking if LHS side is ready or not
Timestamp: 20240827_064327_sample
Log filename: logs/log_20240827_064327_sample.log
Skimmer output filename: 
Git hash: 1a1f413dace8a11f0dffa1448a43acdec6679477
Script Status: Successfully run
===========================================================
