---------------Script Timeline -------------------------
2024-07-25 05:36:13 - Script started
2024-07-25 05:36:13 - Adding and committing scripts to git
2024-07-25 05:36:13 - Files added and committed to Git
2024-07-25 05:36:13 - Fetching the current git hash
2024-07-25 05:36:13 - Current Git commit hash: 4ae751d3d60e898806d1fd0e6557d7fcf292bbc4
2024-07-25 05:36:13 - python skimmer.py  -o skimmerOutput_20240725_053613.coffea -c ttbar_SemiLeptonic -e UL2016preVFP
Selected eras: ['UL2016preVFP']
Sample mode: False
Output file: skimmerOutput_20240725_053613.coffea
Channels: ['ttbar_SemiLeptonic']
Output file is stored in outputs/skimmerOutput_20240725_053613.coffea
2024-07-25 05:45:46 - python messegeBOT.py
{'ok': True, 'result': {'message_id': 1116, 'from': {'id': 6939748954, 'is_bot': True, 'first_name': 'msgerFromCode', 'username': 'MessengerfromCodeBot'}, 'chat': {'id': 977112746, 'first_name': 'Mukund', 'last_name': 'Shelake', 'username': 'mksh_pune', 'type': 'private'}, 'date': 1721866534, 'text': 'Hello, this is a direct message from my code! The run is complete'}}
2024-07-25 05:45:47 - Script completed
===========================================================
2024-07-25 05:45:47 - ---------------Summary -------------------------
Description: Converted all xq and pdg info into one array
Timestamp: 20240725_053613
Log filename: logs/log_20240725_053613.log
Skimmer output filename: skimmerOutput_20240725_053613.coffea
Git hash: 4ae751d3d60e898806d1fd0e6557d7fcf292bbc4
Script Status: Successfully run
===========================================================
