---------------Script Timeline -------------------------
2024-08-07 00:01:49 - Script started
2024-08-07 00:01:49 - Adding and committing scripts to git
2024-08-07 00:01:50 - Files added and committed to Git
2024-08-07 00:01:50 - Fetching the current git hash
2024-08-07 00:01:50 - Current Git commit hash: 98e60d186671efa9ba91000782a872f384f77588
2024-08-07 00:01:50 - python LHSskimmer.py  -t 20240807_000149 -c ttbar_SemiLeptonic
Selected eras: ['UL2016preVFP', 'UL2016postVFP', 'UL2017', 'UL2018']
Sample mode: False
Timestamp for book keeping: 20240807_000149
Channels: ['ttbar_SemiLeptonic']
Output file is stored in outputs/20240807_000149/LHSskimmerOutput_20240807_000149.coffea
2024-08-07 01:56:22 - 
2024-08-07 01:56:22 - 
2024-08-07 01:56:22 - python messegeBOT.py
{'ok': True, 'result': {'message_id': 1546, 'from': {'id': 6939748954, 'is_bot': True, 'first_name': 'msgerFromCode', 'username': 'MessengerfromCodeBot'}, 'chat': {'id': 977112746, 'first_name': 'Mukund', 'last_name': 'Shelake', 'username': 'mksh_pune', 'type': 'private'}, 'date': 1722975991, 'text': 'Hello, this is a direct message from my code! The run is complete'}}
2024-08-07 01:56:26 - python LHSextractor.py -t 20240807_000149
<class 'pandas.core.frame.DataFrame'>
RangeIndex: 200 entries, 0 to 199
Data columns (total 4 columns):
 #   Column  Non-Null Count  Dtype  
---  ------  --------------  -----  
 0   A_FB    200 non-null    float64
 1   A_C     200 non-null    float64
 2   A_in    200 non-null    float64
 3   A_out   200 non-null    float64
dtypes: float64(4)
memory usage: 6.4 KB
None
       A_FB       A_C      A_in     A_out
0 -0.010004  0.026711 -0.004216  0.014440
1  0.014974 -0.021654  0.006295 -0.035775
2  0.023603  0.017738  0.001072  0.069243
3 -0.020231  0.000000 -0.009554  0.006329
4 -0.042116  0.004425 -0.008649 -0.071006
DataFrame saved to outputs/20240807_000149/LHSdata_UL2016preVFP_ttbar_SemiLeptonic_20240807_000149.csv
<class 'pandas.core.frame.DataFrame'>
RangeIndex: 200 entries, 0 to 199
Data columns (total 4 columns):
 #   Column  Non-Null Count  Dtype  
---  ------  --------------  -----  
 0   A_FB    200 non-null    float64
 1   A_C     200 non-null    float64
 2   A_in    200 non-null    float64
 3   A_out   200 non-null    float64
dtypes: float64(4)
memory usage: 6.4 KB
None
       A_FB       A_C      A_in     A_out
0  0.001464  0.013312 -0.019133 -0.021538
1  0.026631  0.028090 -0.005338  0.037157
2  0.023088  0.008483  0.029273  0.038627
3 -0.028362  0.025048 -0.011042  0.029787
4  0.007097  0.027888 -0.008538  0.043147
DataFrame saved to outputs/20240807_000149/LHSdata_UL2016postVFP_ttbar_SemiLeptonic_20240807_000149.csv
<class 'pandas.core.frame.DataFrame'>
RangeIndex: 200 entries, 0 to 199
Data columns (total 4 columns):
 #   Column  Non-Null Count  Dtype  
---  ------  --------------  -----  
 0   A_FB    200 non-null    float64
 1   A_C     200 non-null    float64
 2   A_in    200 non-null    float64
 3   A_out   200 non-null    float64
dtypes: float64(4)
memory usage: 6.4 KB
None
       A_FB       A_C      A_in     A_out
0  0.016960 -0.040718 -0.013153  0.040718
1  0.012939 -0.028676  0.015895 -0.032997
2  0.015307  0.016539  0.007051  0.007624
3  0.004513  0.005072  0.005376 -0.013601
4  0.000522 -0.009764 -0.017336  0.009709
DataFrame saved to outputs/20240807_000149/LHSdata_UL2017_ttbar_SemiLeptonic_20240807_000149.csv
<class 'pandas.core.frame.DataFrame'>
RangeIndex: 200 entries, 0 to 199
Data columns (total 4 columns):
 #   Column  Non-Null Count  Dtype  
---  ------  --------------  -----  
 0   A_FB    200 non-null    float64
 1   A_C     200 non-null    float64
 2   A_in    200 non-null    float64
 3   A_out   200 non-null    float64
dtypes: float64(4)
memory usage: 6.4 KB
None
       A_FB       A_C      A_in     A_out
0 -0.001819 -0.010120  0.005725 -0.016027
1 -0.006324  0.000000 -0.001956  0.010252
2 -0.005589  0.027549 -0.000280  0.005164
3 -0.006747  0.005511  0.003445 -0.005848
4 -0.008686  0.017575 -0.004496  0.017659
DataFrame saved to outputs/20240807_000149/LHSdata_UL2018_ttbar_SemiLeptonic_20240807_000149.csv
2024-08-07 01:58:51 - 
2024-08-07 01:58:51 - python LHSplotter.py -t 20240807_000149
2024-08-07 01:58:54 - 
2024-08-07 01:58:54 - Script completed
===========================================================
2024-08-07 01:58:54 - ---------------Summary -------------------------
Description: Running for LHS part full run2
Timestamp: 20240807_000149
Log filename: logs/log_20240807_000149.log
Skimmer output filename: 
Git hash: 98e60d186671efa9ba91000782a872f384f77588
Script Status: Successfully run
===========================================================
