---------------Script Timeline -------------------------
2024-09-05 15:29:31 - Script started
2024-09-05 15:29:31 - Adding and committing scripts to git
2024-09-05 15:29:32 - Files added and committed to Git
2024-09-05 15:29:32 - Fetching the current git hash
2024-09-05 15:29:32 - Current Git commit hash: ff5975cc370fb5ec7da0ad12687ee4b2f32962e6
2024-09-05 15:29:32 - python LHSskimmer.py -s -t 20240905_152931_sample -c ttbar_SemiLeptonic
Selected eras: ['UL2016preVFP', 'UL2016postVFP', 'UL2017', 'UL2018']
Sample mode: True
Timestamp for book keeping: 20240905_152931_sample
Channels: ['ttbar_SemiLeptonic']
Output file is stored in outputs/20240905_152931_sample/LHSskimmerOutput_20240905_152931_sample.coffea
2024-09-05 15:30:47 - python RHSskimmer.py -s -t 20240905_152931_sample -c ttbar_SemiLeptonic
Selected eras: ['UL2016preVFP', 'UL2016postVFP', 'UL2017', 'UL2018']
Sample mode: True
Timestamp for book-keeping: 20240905_152931_sample
Channels: ['ttbar_SemiLeptonic']
Output file is stored in outputs/20240905_152931_sample/RHSskimmerOutput_20240905_152931_sample.coffea
2024-09-05 15:31:23 - python messegeBOT.py
{'ok': True, 'result': {'message_id': 2337, 'from': {'id': 6939748954, 'is_bot': True, 'first_name': 'msgerFromCode', 'username': 'MessengerfromCodeBot'}, 'chat': {'id': 977112746, 'first_name': 'Mukund', 'last_name': 'Shelake', 'username': 'mksh_pune', 'type': 'private'}, 'date': 1725530519, 'text': 'Hello, this is a direct message from my code! The run is complete'}}
2024-09-05 15:31:25 - python LHSextractor.py -t 20240905_152931_sample
Parsing arguments
The obtained A_FB values are:  [0.02247407 0.03050258 0.04692696 0.02267246 0.05579647 0.08736462]
The obtained A_C values are:  [-0.00512462  0.00309129  0.00489933  0.00238445  0.0076691   0.00561687]
The obtained A_out values are:  [ 0.00552184 -0.00273997 -0.00347323  0.00150999  0.00779315 -0.00623369]
The obtained A_in values are:  [-0.00158311 -0.00070048 -0.00032443 -0.00137421 -0.00434806  0.00195912]
<class 'pandas.core.frame.DataFrame'>
RangeIndex: 6 entries, 0 to 5
Data columns (total 4 columns):
 #   Column  Non-Null Count  Dtype  
---  ------  --------------  -----  
 0   A_FB    6 non-null      float64
 1   A_C     6 non-null      float64
 2   A_in    6 non-null      float64
 3   A_out   6 non-null      float64
dtypes: float64(4)
memory usage: 324.0 bytes
None
       A_FB       A_C      A_in     A_out
0  0.022474 -0.005125 -0.001583  0.005522
1  0.030503  0.003091 -0.000700 -0.002740
2  0.046927  0.004899 -0.000324 -0.003473
3  0.022672  0.002384 -0.001374  0.001510
4  0.055796  0.007669 -0.004348  0.007793
DataFrame saved to outputs/20240905_152931_sample/LHSdata_UL2016preVFP_ttbar_SemiLeptonic_20240905_152931_sample.csv
The obtained A_FB values are:  [0.01169803 0.03686854 0.03072124 0.04015991 0.04371338 0.07783784]
The obtained A_C values are:  [0.00751847 0.00086085 0.00324208 0.00600035 0.00807644 0.01270376]
The obtained A_out values are:  [-0.00132742 -0.00121256  0.00517953  0.00633981  0.00711371  0.01109152]
The obtained A_in values are:  [-0.00356468 -0.00018839 -0.00170854 -0.00287162 -0.00356127 -0.00531459]
<class 'pandas.core.frame.DataFrame'>
RangeIndex: 6 entries, 0 to 5
Data columns (total 4 columns):
 #   Column  Non-Null Count  Dtype  
---  ------  --------------  -----  
 0   A_FB    6 non-null      float64
 1   A_C     6 non-null      float64
 2   A_in    6 non-null      float64
 3   A_out   6 non-null      float64
dtypes: float64(4)
memory usage: 324.0 bytes
None
       A_FB       A_C      A_in     A_out
0  0.011698  0.007518 -0.003565 -0.001327
1  0.036869  0.000861 -0.000188 -0.001213
2  0.030721  0.003242 -0.001709  0.005180
3  0.040160  0.006000 -0.002872  0.006340
4  0.043713  0.008076 -0.003561  0.007114
DataFrame saved to outputs/20240905_152931_sample/LHSdata_UL2016postVFP_ttbar_SemiLeptonic_20240905_152931_sample.csv
The obtained A_FB values are:  [0.009025   0.02564357 0.04115552 0.04537556 0.03644702 0.07380282]
The obtained A_C values are:  [ 0.00052592 -0.00101144 -0.00124664  0.00154564  0.00335901  0.00757817]
The obtained A_out values are:  [-0.00463852  0.00237591 -0.00456741  0.00167587  0.00717551  0.00740916]
The obtained A_in values are:  [-0.00171705 -0.00053204  0.00160632 -0.00041454 -0.0040791  -0.00266363]
<class 'pandas.core.frame.DataFrame'>
RangeIndex: 6 entries, 0 to 5
Data columns (total 4 columns):
 #   Column  Non-Null Count  Dtype  
---  ------  --------------  -----  
 0   A_FB    6 non-null      float64
 1   A_C     6 non-null      float64
 2   A_in    6 non-null      float64
 3   A_out   6 non-null      float64
dtypes: float64(4)
memory usage: 324.0 bytes
None
       A_FB       A_C      A_in     A_out
0  0.009025  0.000526 -0.001717 -0.004639
1  0.025644 -0.001011 -0.000532  0.002376
2  0.041156 -0.001247  0.001606 -0.004567
3  0.045376  0.001546 -0.000415  0.001676
4  0.036447  0.003359 -0.004079  0.007176
DataFrame saved to outputs/20240905_152931_sample/LHSdata_UL2017_ttbar_SemiLeptonic_20240905_152931_sample.csv
The obtained A_FB values are:  [0.01310484 0.01306629 0.03601108 0.03598201 0.04367201 0.06080347]
The obtained A_C values are:  [-0.00197401  0.00067299  0.0067046   0.00336379  0.00057102  0.00720478]
The obtained A_out values are:  [ 0.00450516  0.00531415 -0.00237318  0.00525516  0.00338194  0.00452642]
The obtained A_in values are:  [-0.00184049 -0.00166607 -0.00075498 -0.00414537 -0.0011029  -0.00361136]
<class 'pandas.core.frame.DataFrame'>
RangeIndex: 6 entries, 0 to 5
Data columns (total 4 columns):
 #   Column  Non-Null Count  Dtype  
---  ------  --------------  -----  
 0   A_FB    6 non-null      float64
 1   A_C     6 non-null      float64
 2   A_in    6 non-null      float64
 3   A_out   6 non-null      float64
dtypes: float64(4)
memory usage: 324.0 bytes
None
       A_FB       A_C      A_in     A_out
0  0.013105 -0.001974 -0.001840  0.004505
1  0.013066  0.000673 -0.001666  0.005314
2  0.036011  0.006705 -0.000755 -0.002373
3  0.035982  0.003364 -0.004145  0.005255
4  0.043672  0.000571 -0.001103  0.003382
DataFrame saved to outputs/20240905_152931_sample/LHSdata_UL2018_ttbar_SemiLeptonic_20240905_152931_sample.csv
2024-09-05 15:31:27 - python RHSextractor.py -t 20240905_152931_sample
<class 'pandas.core.frame.DataFrame'>
RangeIndex: 6 entries, 0 to 5
Data columns (total 32 columns):
 #   Column             Non-Null Count  Dtype  
---  ------             --------------  -----  
 0   Du                 6 non-null      float64
 1   Dd                 6 non-null      float64
 2   Fu_Nq              6 non-null      float64
 3   Fd_Nq              6 non-null      float64
 4   Fu_NEvents         6 non-null      float64
 5   Fd_NEvents         6 non-null      float64
 6   Du_out             6 non-null      float64
 7   Dd_out             6 non-null      float64
 8   Fu_Nq_out          6 non-null      float64
 9   Fd_Nq_out          6 non-null      float64
 10  Fu_NEvents_out     6 non-null      float64
 11  Fd_NEvents_out     6 non-null      float64
 12  outFactor          6 non-null      float64
 13  Du_in              6 non-null      float64
 14  Dd_in              6 non-null      float64
 15  Fu_Nq_in           6 non-null      float64
 16  Fd_Nq_in           6 non-null      float64
 17  Fu_NEvents_in      6 non-null      float64
 18  Fd_NEvents_in      6 non-null      float64
 19  inFactor           6 non-null      float64
 20  Du_notIN           6 non-null      float64
 21  Dd_notIN           6 non-null      float64
 22  Fu_Nq_notIN        6 non-null      float64
 23  Fd_Nq_notIN        6 non-null      float64
 24  Fu_NEvents_notIN   6 non-null      float64
 25  Fd_NEvents_notIN   6 non-null      float64
 26  Du_notOUT          6 non-null      float64
 27  Dd_notOUT          6 non-null      float64
 28  Fu_Nq_notOUT       6 non-null      float64
 29  Fd_Nq_notOUT       6 non-null      float64
 30  Fu_NEvents_notOUT  6 non-null      float64
 31  Fd_NEvents_notOUT  6 non-null      float64
dtypes: float64(32)
memory usage: 1.6 KB
None
         Du        Dd  ...  Fu_NEvents_notOUT  Fd_NEvents_notOUT
0  0.617551  0.436421  ...           0.046714           0.032020
1  0.621033  0.412157  ...           0.038550           0.027452
2  0.626551  0.414113  ...           0.033592           0.021771
3  0.646667  0.431760  ...           0.032528           0.022156
4  0.669471  0.471373  ...           0.034426           0.022653

[5 rows x 32 columns]
DataFrame saved to outputs/20240905_152931_sample/RHSdata_UL2016preVFP_ttbar_SemiLeptonic_20240905_152931_sample.csv
<class 'pandas.core.frame.DataFrame'>
RangeIndex: 6 entries, 0 to 5
Data columns (total 32 columns):
 #   Column             Non-Null Count  Dtype  
---  ------             --------------  -----  
 0   Du                 6 non-null      float64
 1   Dd                 6 non-null      float64
 2   Fu_Nq              6 non-null      float64
 3   Fd_Nq              6 non-null      float64
 4   Fu_NEvents         6 non-null      float64
 5   Fd_NEvents         6 non-null      float64
 6   Du_out             6 non-null      float64
 7   Dd_out             6 non-null      float64
 8   Fu_Nq_out          6 non-null      float64
 9   Fd_Nq_out          6 non-null      float64
 10  Fu_NEvents_out     6 non-null      float64
 11  Fd_NEvents_out     6 non-null      float64
 12  outFactor          6 non-null      float64
 13  Du_in              6 non-null      float64
 14  Dd_in              6 non-null      float64
 15  Fu_Nq_in           6 non-null      float64
 16  Fd_Nq_in           6 non-null      float64
 17  Fu_NEvents_in      6 non-null      float64
 18  Fd_NEvents_in      6 non-null      float64
 19  inFactor           6 non-null      float64
 20  Du_notIN           6 non-null      float64
 21  Dd_notIN           6 non-null      float64
 22  Fu_Nq_notIN        6 non-null      float64
 23  Fd_Nq_notIN        6 non-null      float64
 24  Fu_NEvents_notIN   6 non-null      float64
 25  Fd_NEvents_notIN   6 non-null      float64
 26  Du_notOUT          6 non-null      float64
 27  Dd_notOUT          6 non-null      float64
 28  Fu_Nq_notOUT       6 non-null      float64
 29  Fd_Nq_notOUT       6 non-null      float64
 30  Fu_NEvents_notOUT  6 non-null      float64
 31  Fd_NEvents_notOUT  6 non-null      float64
dtypes: float64(32)
memory usage: 1.6 KB
None
         Du        Dd  ...  Fu_NEvents_notOUT  Fd_NEvents_notOUT
0  0.623424  0.397977  ...           0.047566           0.032684
1  0.618326  0.420187  ...           0.038745           0.026820
2  0.655778  0.410992  ...           0.032629           0.022415
3  0.622975  0.443272  ...           0.032667           0.021994
4  0.641326  0.446655  ...           0.032862           0.022507

[5 rows x 32 columns]
DataFrame saved to outputs/20240905_152931_sample/RHSdata_UL2016postVFP_ttbar_SemiLeptonic_20240905_152931_sample.csv
<class 'pandas.core.frame.DataFrame'>
RangeIndex: 6 entries, 0 to 5
Data columns (total 32 columns):
 #   Column             Non-Null Count  Dtype  
---  ------             --------------  -----  
 0   Du                 6 non-null      float64
 1   Dd                 6 non-null      float64
 2   Fu_Nq              6 non-null      float64
 3   Fd_Nq              6 non-null      float64
 4   Fu_NEvents         6 non-null      float64
 5   Fd_NEvents         6 non-null      float64
 6   Du_out             6 non-null      float64
 7   Dd_out             6 non-null      float64
 8   Fu_Nq_out          6 non-null      float64
 9   Fd_Nq_out          6 non-null      float64
 10  Fu_NEvents_out     6 non-null      float64
 11  Fd_NEvents_out     6 non-null      float64
 12  outFactor          6 non-null      float64
 13  Du_in              6 non-null      float64
 14  Dd_in              6 non-null      float64
 15  Fu_Nq_in           6 non-null      float64
 16  Fd_Nq_in           6 non-null      float64
 17  Fu_NEvents_in      6 non-null      float64
 18  Fd_NEvents_in      6 non-null      float64
 19  inFactor           6 non-null      float64
 20  Du_notIN           6 non-null      float64
 21  Dd_notIN           6 non-null      float64
 22  Fu_Nq_notIN        6 non-null      float64
 23  Fd_Nq_notIN        6 non-null      float64
 24  Fu_NEvents_notIN   6 non-null      float64
 25  Fd_NEvents_notIN   6 non-null      float64
 26  Du_notOUT          6 non-null      float64
 27  Dd_notOUT          6 non-null      float64
 28  Fu_Nq_notOUT       6 non-null      float64
 29  Fd_Nq_notOUT       6 non-null      float64
 30  Fu_NEvents_notOUT  6 non-null      float64
 31  Fd_NEvents_notOUT  6 non-null      float64
dtypes: float64(32)
memory usage: 1.6 KB
None
         Du        Dd  ...  Fu_NEvents_notOUT  Fd_NEvents_notOUT
0  0.620253  0.414783  ...           0.049550           0.032859
1  0.611612  0.412808  ...           0.039107           0.026922
2  0.665568  0.407435  ...           0.032488           0.021544
3  0.645801  0.441417  ...           0.032513           0.022361
4  0.670559  0.477141  ...           0.032244           0.021752

[5 rows x 32 columns]
DataFrame saved to outputs/20240905_152931_sample/RHSdata_UL2017_ttbar_SemiLeptonic_20240905_152931_sample.csv
<class 'pandas.core.frame.DataFrame'>
RangeIndex: 6 entries, 0 to 5
Data columns (total 32 columns):
 #   Column             Non-Null Count  Dtype  
---  ------             --------------  -----  
 0   Du                 6 non-null      float64
 1   Dd                 6 non-null      float64
 2   Fu_Nq              6 non-null      float64
 3   Fd_Nq              6 non-null      float64
 4   Fu_NEvents         6 non-null      float64
 5   Fd_NEvents         6 non-null      float64
 6   Du_out             6 non-null      float64
 7   Dd_out             6 non-null      float64
 8   Fu_Nq_out          6 non-null      float64
 9   Fd_Nq_out          6 non-null      float64
 10  Fu_NEvents_out     6 non-null      float64
 11  Fd_NEvents_out     6 non-null      float64
 12  outFactor          6 non-null      float64
 13  Du_in              6 non-null      float64
 14  Dd_in              6 non-null      float64
 15  Fu_Nq_in           6 non-null      float64
 16  Fd_Nq_in           6 non-null      float64
 17  Fu_NEvents_in      6 non-null      float64
 18  Fd_NEvents_in      6 non-null      float64
 19  inFactor           6 non-null      float64
 20  Du_notIN           6 non-null      float64
 21  Dd_notIN           6 non-null      float64
 22  Fu_Nq_notIN        6 non-null      float64
 23  Fd_Nq_notIN        6 non-null      float64
 24  Fu_NEvents_notIN   6 non-null      float64
 25  Fd_NEvents_notIN   6 non-null      float64
 26  Du_notOUT          6 non-null      float64
 27  Dd_notOUT          6 non-null      float64
 28  Fu_Nq_notOUT       6 non-null      float64
 29  Fd_Nq_notOUT       6 non-null      float64
 30  Fu_NEvents_notOUT  6 non-null      float64
 31  Fd_NEvents_notOUT  6 non-null      float64
dtypes: float64(32)
memory usage: 1.6 KB
None
         Du        Dd  ...  Fu_NEvents_notOUT  Fd_NEvents_notOUT
0  0.625549  0.404979  ...           0.049195           0.032189
1  0.632658  0.409510  ...           0.039470           0.026914
2  0.641843  0.409574  ...           0.033520           0.023729
3  0.637213  0.450243  ...           0.031713           0.022722
4  0.642177  0.447164  ...           0.034561           0.022688

[5 rows x 32 columns]
DataFrame saved to outputs/20240905_152931_sample/RHSdata_UL2018_ttbar_SemiLeptonic_20240905_152931_sample.csv
2024-09-05 15:31:40 - 
2024-09-05 15:31:40 - 
2024-09-05 15:31:40 - Script completed
===========================================================
2024-09-05 15:31:40 - ---------------Summary -------------------------
Description: Trying out with 1500 mtt as extreme
Timestamp: 20240905_152931_sample
Log filename: logs/log_20240905_152931_sample.log
Skimmer output filename: 
Git hash: ff5975cc370fb5ec7da0ad12687ee4b2f32962e6
Script Status: Successfully run
===========================================================
