---------------Script Timeline -------------------------
2024-07-25 12:58:24 - Script started
2024-07-25 12:58:24 - Adding and committing scripts to git
2024-07-25 12:58:25 - Files added and committed to Git
2024-07-25 12:58:25 - Fetching the current git hash
2024-07-25 12:58:25 - Current Git commit hash: 12983fe024fde29b19dbd0aaf12f7712c7edb949
2024-07-25 12:58:25 - python skimmer.py -s -o skimmerOutput_20240725_125824_sample.coffea -c ttbar_SemiLeptonic
Selected eras: ['UL2016preVFP', 'UL2016postVFP', 'UL2017', 'UL2018']
Sample mode: True
Output file: skimmerOutput_20240725_125824_sample.coffea
Channels: ['ttbar_SemiLeptonic']
Output file is stored in outputs/skimmerOutput_20240725_125824_sample.coffea
2024-07-25 12:59:27 - python messegeBOT.py
{'ok': True, 'result': {'message_id': 1118, 'from': {'id': 6939748954, 'is_bot': True, 'first_name': 'msgerFromCode', 'username': 'MessengerfromCodeBot'}, 'chat': {'id': 977112746, 'first_name': 'Mukund', 'last_name': 'Shelake', 'username': 'mksh_pune', 'type': 'private'}, 'date': 1721892555, 'text': 'Hello, this is a direct message from my code! The run is complete'}}
2024-07-25 12:59:28 - Script completed
===========================================================
2024-07-25 12:59:28 - ---------------Summary -------------------------
Description: Corrected mistake of changed beta bins and removed c*
Timestamp: 20240725_125824_sample
Log filename: logs/log_20240725_125824_sample.log
Skimmer output filename: skimmerOutput_20240725_125824_sample.coffea
Git hash: 12983fe024fde29b19dbd0aaf12f7712c7edb949
Script Status: Successfully run
===========================================================
