---------------Script Timeline -------------------------
2024-08-26 05:40:00 - Script started
2024-08-26 05:40:00 - Adding and committing scripts to git
2024-08-26 05:40:00 - Files added and committed to Git
2024-08-26 05:40:00 - Fetching the current git hash
2024-08-26 05:40:00 - Current Git commit hash: 181bb81bf242ddb67fbcc958fcaf2ed0f702e474
2024-08-26 05:40:00 - python LHSskimmer.py -s -t 20240826_054000_sample -c ttbar_SemiLeptonic
Selected eras: ['UL2016preVFP', 'UL2016postVFP', 'UL2017', 'UL2018']
Sample mode: True
Timestamp for book keeping: 20240826_054000_sample
Channels: ['ttbar_SemiLeptonic']
Output file is stored in outputs/20240826_054000_sample/LHSskimmerOutput_20240826_054000_sample.coffea
2024-08-26 05:41:06 - 
2024-08-26 05:41:06 - python messegeBOT.py
{'ok': True, 'result': {'message_id': 2331, 'from': {'id': 6939748954, 'is_bot': True, 'first_name': 'msgerFromCode', 'username': 'MessengerfromCodeBot'}, 'chat': {'id': 977112746, 'first_name': 'Mukund', 'last_name': 'Shelake', 'username': 'mksh_pune', 'type': 'private'}, 'date': 1724631087, 'text': 'Hello, this is a direct message from my code! The run is complete'}}
2024-08-26 05:41:07 - 
2024-08-26 05:41:07 - 
2024-08-26 05:41:07 - 
2024-08-26 05:41:07 - 
2024-08-26 05:41:07 - Script completed
===========================================================
2024-08-26 05:41:07 - ---------------Summary -------------------------
Description: Debugged the AFB
Timestamp: 20240826_054000_sample
Log filename: logs/log_20240826_054000_sample.log
Skimmer output filename: 
Git hash: 181bb81bf242ddb67fbcc958fcaf2ed0f702e474
Script Status: Successfully run
===========================================================
