---------------Script Timeline -------------------------
2024-08-25 19:56:44 - Script started
2024-08-25 19:56:44 - Adding and committing scripts to git
2024-08-25 19:56:45 - Files added and committed to Git
2024-08-25 19:56:45 - Fetching the current git hash
2024-08-25 19:56:45 - Current Git commit hash: 36d13c981fbff59f1f04bc8f3b53da79894c58ff
2024-08-25 19:56:45 - python LHSskimmer.py -s -t 20240825_195644_sample -c ttbar_SemiLeptonic
Selected eras: ['UL2016preVFP', 'UL2016postVFP', 'UL2017', 'UL2018']
Sample mode: True
Timestamp for book keeping: 20240825_195644_sample
Channels: ['ttbar_SemiLeptonic']
Output file is stored in outputs/20240825_195644_sample/LHSskimmerOutput_20240825_195644_sample.coffea
2024-08-25 19:57:51 - 
2024-08-25 19:57:51 - 
2024-08-25 19:57:51 - 
2024-08-25 19:57:51 - 
2024-08-25 19:57:51 - 
2024-08-25 19:57:51 - 
2024-08-25 19:57:51 - Script completed
===========================================================
2024-08-25 19:57:51 - ---------------Summary -------------------------
Description: Debugging the AFB
Timestamp: 20240825_195644_sample
Log filename: logs/log_20240825_195644_sample.log
Skimmer output filename: 
Git hash: 36d13c981fbff59f1f04bc8f3b53da79894c58ff
Script Status: Successfully run
===========================================================
