---------------Script Timeline -------------------------
2024-08-07 04:24:17 - Script started
2024-08-07 04:24:17 - Adding and committing scripts to git
2024-08-07 04:24:17 - Files added and committed to Git
2024-08-07 04:24:17 - Fetching the current git hash
2024-08-07 04:24:17 - Current Git commit hash: 16ef25d651827c4902471d9f7a3b78018b09d8d8
2024-08-07 04:24:17 - python LHSskimmer.py  -t 20240807_042417 -c ttbar_SemiLeptonic
Selected eras: ['UL2016preVFP', 'UL2016postVFP', 'UL2017', 'UL2018']
Sample mode: False
Timestamp for book keeping: 20240807_042417
Channels: ['ttbar_SemiLeptonic']
Output file is stored in outputs/20240807_042417/LHSskimmerOutput_20240807_042417.coffea
2024-08-07 06:12:07 - python RHSskimmer.py  -t 20240807_042417 -c ttbar_SemiLeptonic
Selected eras: ['UL2016preVFP', 'UL2016postVFP', 'UL2017', 'UL2018']
Sample mode: False
Timestamp for book-keeping: 20240807_042417
Channels: ['ttbar_SemiLeptonic']
Output file is stored in outputs/20240807_042417/RHSskimmerOutput_20240807_042417.coffea
2024-08-07 08:18:00 - python messegeBOT.py
{'ok': True, 'result': {'message_id': 1548, 'from': {'id': 6939748954, 'is_bot': True, 'first_name': 'msgerFromCode', 'username': 'MessengerfromCodeBot'}, 'chat': {'id': 977112746, 'first_name': 'Mukund', 'last_name': 'Shelake', 'username': 'mksh_pune', 'type': 'private'}, 'date': 1722998891, 'text': 'Hello, this is a direct message from my code! The run is complete'}}
2024-08-07 08:18:06 - python LHSextractor.py -t 20240807_042417
<class 'pandas.core.frame.DataFrame'>
RangeIndex: 9 entries, 0 to 8
Data columns (total 4 columns):
 #   Column  Non-Null Count  Dtype  
---  ------  --------------  -----  
 0   A_FB    9 non-null      float64
 1   A_C     9 non-null      float64
 2   A_in    9 non-null      float64
 3   A_out   9 non-null      float64
dtypes: float64(4)
memory usage: 420.0 bytes
None
       A_FB       A_C      A_in     A_out
0  0.000200  0.000252 -0.001469 -0.000594
1  0.000238  0.000713 -0.000602  0.000189
2 -0.000114  0.001418 -0.000533  0.001137
3  0.000034  0.002681 -0.000936  0.002449
4 -0.000004  0.003891 -0.001666  0.004660
DataFrame saved to outputs/20240807_042417/LHSdata_UL2016preVFP_ttbar_SemiLeptonic_20240807_042417.csv
<class 'pandas.core.frame.DataFrame'>
RangeIndex: 9 entries, 0 to 8
Data columns (total 4 columns):
 #   Column  Non-Null Count  Dtype  
---  ------  --------------  -----  
 0   A_FB    9 non-null      float64
 1   A_C     9 non-null      float64
 2   A_in    9 non-null      float64
 3   A_out   9 non-null      float64
dtypes: float64(4)
memory usage: 420.0 bytes
None
       A_FB       A_C      A_in     A_out
0 -0.000163  0.001059 -0.001897 -0.000280
1  0.000232  0.000798 -0.000702 -0.000041
2  0.000024  0.001054 -0.000580  0.000673
3  0.000003  0.002437 -0.001067  0.002656
4  0.000315  0.003289 -0.001309  0.003372
DataFrame saved to outputs/20240807_042417/LHSdata_UL2016postVFP_ttbar_SemiLeptonic_20240807_042417.csv
<class 'pandas.core.frame.DataFrame'>
RangeIndex: 9 entries, 0 to 8
Data columns (total 4 columns):
 #   Column  Non-Null Count  Dtype  
---  ------  --------------  -----  
 0   A_FB    9 non-null      float64
 1   A_C     9 non-null      float64
 2   A_in    9 non-null      float64
 3   A_out   9 non-null      float64
dtypes: float64(4)
memory usage: 420.0 bytes
None
       A_FB       A_C      A_in     A_out
0 -0.000174  0.001051 -0.001876 -0.000209
1 -0.000041  0.000739 -0.000634 -0.000193
2  0.000058  0.001323 -0.000621  0.001210
3  0.000437  0.002255 -0.000789  0.002071
4 -0.000166  0.003529 -0.001322  0.003300
DataFrame saved to outputs/20240807_042417/LHSdata_UL2017_ttbar_SemiLeptonic_20240807_042417.csv
<class 'pandas.core.frame.DataFrame'>
RangeIndex: 9 entries, 0 to 8
Data columns (total 4 columns):
 #   Column  Non-Null Count  Dtype  
---  ------  --------------  -----  
 0   A_FB    9 non-null      float64
 1   A_C     9 non-null      float64
 2   A_in    9 non-null      float64
 3   A_out   9 non-null      float64
dtypes: float64(4)
memory usage: 420.0 bytes
None
       A_FB       A_C      A_in     A_out
0  0.000139  0.000725 -0.001749 -0.000294
1  0.000129  0.000443 -0.000651 -0.000126
2  0.000082  0.001456 -0.000628  0.001029
3 -0.000089  0.002359 -0.000877  0.002069
4  0.000191  0.003288 -0.001337  0.003501
DataFrame saved to outputs/20240807_042417/LHSdata_UL2018_ttbar_SemiLeptonic_20240807_042417.csv
2024-08-07 08:18:36 - python RHSextractor.py -t 20240807_042417
<class 'pandas.core.frame.DataFrame'>
RangeIndex: 9 entries, 0 to 8
Data columns (total 30 columns):
 #   Column             Non-Null Count  Dtype  
---  ------             --------------  -----  
 0   Du                 9 non-null      float64
 1   Dd                 9 non-null      float64
 2   Fu_Nq              9 non-null      float64
 3   Fd_Nq              9 non-null      float64
 4   Fu_NEvents         9 non-null      float64
 5   Fd_NEvents         9 non-null      float64
 6   Du_out             9 non-null      float64
 7   Dd_out             9 non-null      float64
 8   Fu_Nq_out          9 non-null      float64
 9   Fd_Nq_out          9 non-null      float64
 10  Fu_NEvents_out     9 non-null      float64
 11  Fd_NEvents_out     9 non-null      float64
 12  Du_in              9 non-null      float64
 13  Dd_in              9 non-null      float64
 14  Fu_Nq_in           9 non-null      float64
 15  Fd_Nq_in           9 non-null      float64
 16  Fu_NEvents_in      9 non-null      float64
 17  Fd_NEvents_in      9 non-null      float64
 18  Du_notIN           9 non-null      float64
 19  Dd_notIN           9 non-null      float64
 20  Fu_Nq_notIN        9 non-null      float64
 21  Fd_Nq_notIN        9 non-null      float64
 22  Fu_NEvents_notIN   9 non-null      float64
 23  Fd_NEvents_notIN   9 non-null      float64
 24  Du_notOUT          9 non-null      float64
 25  Dd_notOUT          9 non-null      float64
 26  Fu_Nq_notOUT       9 non-null      float64
 27  Fd_Nq_notOUT       9 non-null      float64
 28  Fu_NEvents_notOUT  9 non-null      float64
 29  Fd_NEvents_notOUT  9 non-null      float64
dtypes: float64(30)
memory usage: 2.2 KB
None
         Du        Dd  ...  Fu_NEvents_notOUT  Fd_NEvents_notOUT
0  0.614809  0.396140  ...           0.045748           0.031362
1  0.624466  0.406860  ...           0.038403           0.026881
2  0.631524  0.415743  ...           0.034431           0.024003
3  0.637002  0.418242  ...           0.033084           0.022756
4  0.638589  0.421879  ...           0.032361           0.022057

[5 rows x 30 columns]
DataFrame saved to outputs/20240807_042417/RHSdata_UL2016preVFP_ttbar_SemiLeptonic_20240807_042417.csv
<class 'pandas.core.frame.DataFrame'>
RangeIndex: 9 entries, 0 to 8
Data columns (total 30 columns):
 #   Column             Non-Null Count  Dtype  
---  ------             --------------  -----  
 0   Du                 9 non-null      float64
 1   Dd                 9 non-null      float64
 2   Fu_Nq              9 non-null      float64
 3   Fd_Nq              9 non-null      float64
 4   Fu_NEvents         9 non-null      float64
 5   Fd_NEvents         9 non-null      float64
 6   Du_out             9 non-null      float64
 7   Dd_out             9 non-null      float64
 8   Fu_Nq_out          9 non-null      float64
 9   Fd_Nq_out          9 non-null      float64
 10  Fu_NEvents_out     9 non-null      float64
 11  Fd_NEvents_out     9 non-null      float64
 12  Du_in              9 non-null      float64
 13  Dd_in              9 non-null      float64
 14  Fu_Nq_in           9 non-null      float64
 15  Fd_Nq_in           9 non-null      float64
 16  Fu_NEvents_in      9 non-null      float64
 17  Fd_NEvents_in      9 non-null      float64
 18  Du_notIN           9 non-null      float64
 19  Dd_notIN           9 non-null      float64
 20  Fu_Nq_notIN        9 non-null      float64
 21  Fd_Nq_notIN        9 non-null      float64
 22  Fu_NEvents_notIN   9 non-null      float64
 23  Fd_NEvents_notIN   9 non-null      float64
 24  Du_notOUT          9 non-null      float64
 25  Dd_notOUT          9 non-null      float64
 26  Fu_Nq_notOUT       9 non-null      float64
 27  Fd_Nq_notOUT       9 non-null      float64
 28  Fu_NEvents_notOUT  9 non-null      float64
 29  Fd_NEvents_notOUT  9 non-null      float64
dtypes: float64(30)
memory usage: 2.2 KB
None
         Du        Dd  ...  Fu_NEvents_notOUT  Fd_NEvents_notOUT
0  0.615941  0.397242  ...           0.045696           0.031365
1  0.625809  0.405649  ...           0.038343           0.026844
2  0.633350  0.411452  ...           0.034206           0.024014
3  0.639230  0.418106  ...           0.033028           0.022694
4  0.640895  0.422683  ...           0.032432           0.022109

[5 rows x 30 columns]
DataFrame saved to outputs/20240807_042417/RHSdata_UL2016postVFP_ttbar_SemiLeptonic_20240807_042417.csv
<class 'pandas.core.frame.DataFrame'>
RangeIndex: 9 entries, 0 to 8
Data columns (total 30 columns):
 #   Column             Non-Null Count  Dtype  
---  ------             --------------  -----  
 0   Du                 9 non-null      float64
 1   Dd                 9 non-null      float64
 2   Fu_Nq              9 non-null      float64
 3   Fd_Nq              9 non-null      float64
 4   Fu_NEvents         9 non-null      float64
 5   Fd_NEvents         9 non-null      float64
 6   Du_out             9 non-null      float64
 7   Dd_out             9 non-null      float64
 8   Fu_Nq_out          9 non-null      float64
 9   Fd_Nq_out          9 non-null      float64
 10  Fu_NEvents_out     9 non-null      float64
 11  Fd_NEvents_out     9 non-null      float64
 12  Du_in              9 non-null      float64
 13  Dd_in              9 non-null      float64
 14  Fu_Nq_in           9 non-null      float64
 15  Fd_Nq_in           9 non-null      float64
 16  Fu_NEvents_in      9 non-null      float64
 17  Fd_NEvents_in      9 non-null      float64
 18  Du_notIN           9 non-null      float64
 19  Dd_notIN           9 non-null      float64
 20  Fu_Nq_notIN        9 non-null      float64
 21  Fd_Nq_notIN        9 non-null      float64
 22  Fu_NEvents_notIN   9 non-null      float64
 23  Fd_NEvents_notIN   9 non-null      float64
 24  Du_notOUT          9 non-null      float64
 25  Dd_notOUT          9 non-null      float64
 26  Fu_Nq_notOUT       9 non-null      float64
 27  Fd_Nq_notOUT       9 non-null      float64
 28  Fu_NEvents_notOUT  9 non-null      float64
 29  Fd_NEvents_notOUT  9 non-null      float64
dtypes: float64(30)
memory usage: 2.2 KB
None
         Du        Dd  ...  Fu_NEvents_notOUT  Fd_NEvents_notOUT
0  0.619738  0.399120  ...           0.046162           0.031508
1  0.628420  0.407748  ...           0.038606           0.026873
2  0.635670  0.414598  ...           0.034449           0.023979
3  0.640693  0.419691  ...           0.033046           0.022737
4  0.644254  0.422101  ...           0.032487           0.022058

[5 rows x 30 columns]
DataFrame saved to outputs/20240807_042417/RHSdata_UL2017_ttbar_SemiLeptonic_20240807_042417.csv
<class 'pandas.core.frame.DataFrame'>
RangeIndex: 9 entries, 0 to 8
Data columns (total 30 columns):
 #   Column             Non-Null Count  Dtype  
---  ------             --------------  -----  
 0   Du                 9 non-null      float64
 1   Dd                 9 non-null      float64
 2   Fu_Nq              9 non-null      float64
 3   Fd_Nq              9 non-null      float64
 4   Fu_NEvents         9 non-null      float64
 5   Fd_NEvents         9 non-null      float64
 6   Du_out             9 non-null      float64
 7   Dd_out             9 non-null      float64
 8   Fu_Nq_out          9 non-null      float64
 9   Fd_Nq_out          9 non-null      float64
 10  Fu_NEvents_out     9 non-null      float64
 11  Fd_NEvents_out     9 non-null      float64
 12  Du_in              9 non-null      float64
 13  Dd_in              9 non-null      float64
 14  Fu_Nq_in           9 non-null      float64
 15  Fd_Nq_in           9 non-null      float64
 16  Fu_NEvents_in      9 non-null      float64
 17  Fd_NEvents_in      9 non-null      float64
 18  Du_notIN           9 non-null      float64
 19  Dd_notIN           9 non-null      float64
 20  Fu_Nq_notIN        9 non-null      float64
 21  Fd_Nq_notIN        9 non-null      float64
 22  Fu_NEvents_notIN   9 non-null      float64
 23  Fd_NEvents_notIN   9 non-null      float64
 24  Du_notOUT          9 non-null      float64
 25  Dd_notOUT          9 non-null      float64
 26  Fu_Nq_notOUT       9 non-null      float64
 27  Fd_Nq_notOUT       9 non-null      float64
 28  Fu_NEvents_notOUT  9 non-null      float64
 29  Fd_NEvents_notOUT  9 non-null      float64
dtypes: float64(30)
memory usage: 2.2 KB
None
         Du        Dd  ...  Fu_NEvents_notOUT  Fd_NEvents_notOUT
0  0.619207  0.400794  ...           0.046213           0.031512
1  0.628827  0.407373  ...           0.038575           0.026898
2  0.635951  0.415561  ...           0.034453           0.024040
3  0.640519  0.420077  ...           0.033039           0.022738
4  0.645037  0.423802  ...           0.032481           0.022126

[5 rows x 30 columns]
DataFrame saved to outputs/20240807_042417/RHSdata_UL2018_ttbar_SemiLeptonic_20240807_042417.csv
2024-08-07 08:19:15 - python LHSplotter.py -t 20240807_042417
2024-08-07 08:19:19 - python RHSplotter.py -t 20240807_042417
2024-08-07 08:19:33 - Script completed
===========================================================
2024-08-07 08:19:33 - ---------------Summary -------------------------
Description: Full run on updated scripts
Timestamp: 20240807_042417
Log filename: logs/log_20240807_042417.log
Skimmer output filename: 
Git hash: 16ef25d651827c4902471d9f7a3b78018b09d8d8
Script Status: Successfully run
===========================================================
