---------------Script Timeline -------------------------
2024-07-29 02:59:06 - Script started
2024-07-29 02:59:06 - Adding and committing scripts to git
2024-07-29 02:59:07 - Files added and committed to Git
2024-07-29 02:59:07 - Fetching the current git hash
2024-07-29 02:59:07 - Current Git commit hash: 57999ccd6fb43f129e11d4105640997c539d7ba1
2024-07-29 02:59:07 - python skimmer.py -s -o skimmerOutput_20240729_025906_sample.coffea -c ttbar_SemiLeptonic
Selected eras: ['UL2016preVFP', 'UL2016postVFP', 'UL2017', 'UL2018']
Sample mode: True
Output file: skimmerOutput_20240729_025906_sample.coffea
Channels: ['ttbar_SemiLeptonic']
Output file is stored in outputs/skimmerOutput_20240729_025906_sample.coffea
2024-07-29 03:00:19 - python messegeBOT.py
{'ok': True, 'result': {'message_id': 1120, 'from': {'id': 6939748954, 'is_bot': True, 'first_name': 'msgerFromCode', 'username': 'MessengerfromCodeBot'}, 'chat': {'id': 977112746, 'first_name': 'Mukund', 'last_name': 'Shelake', 'username': 'mksh_pune', 'type': 'private'}, 'date': 1722202212, 'text': 'Hello, this is a direct message from my code! The run is complete'}}
2024-07-29 03:00:20 - Script completed
===========================================================
2024-07-29 03:00:20 - ---------------Summary -------------------------
Description: Trying all skimming in one
Timestamp: 20240729_025906_sample
Log filename: logs/log_20240729_025906_sample.log
Skimmer output filename: skimmerOutput_20240729_025906_sample.coffea
Git hash: 57999ccd6fb43f129e11d4105640997c539d7ba1
Script Status: Successfully run
===========================================================
