---------------Script Timeline -------------------------
2024-08-07 04:18:48 - Script started
2024-08-07 04:18:48 - Adding and committing scripts to git
2024-08-07 04:18:52 - Files added and committed to Git
2024-08-07 04:18:52 - Fetching the current git hash
2024-08-07 04:18:52 - Current Git commit hash: 5777fba19e913362fd234bf3af5dda7913a442c9
2024-08-07 04:18:52 - python LHSskimmer.py -s -t 20240807_041848_sample -c ttbar_SemiLeptonic
Selected eras: ['UL2016preVFP', 'UL2016postVFP', 'UL2017', 'UL2018']
Sample mode: True
Timestamp for book keeping: 20240807_041848_sample
Channels: ['ttbar_SemiLeptonic']
Output file is stored in outputs/20240807_041848_sample/LHSskimmerOutput_20240807_041848_sample.coffea
2024-08-07 04:20:40 - python RHSskimmer.py -s -t 20240807_041848_sample -c ttbar_SemiLeptonic
Selected eras: ['UL2016preVFP', 'UL2016postVFP', 'UL2017', 'UL2018']
Sample mode: True
Timestamp for book-keeping: 20240807_041848_sample
Channels: ['ttbar_SemiLeptonic']
Output file is stored in outputs/20240807_041848_sample/RHSskimmerOutput_20240807_041848_sample.coffea
2024-08-07 04:21:19 - python messegeBOT.py
{'ok': True, 'result': {'message_id': 1547, 'from': {'id': 6939748954, 'is_bot': True, 'first_name': 'msgerFromCode', 'username': 'MessengerfromCodeBot'}, 'chat': {'id': 977112746, 'first_name': 'Mukund', 'last_name': 'Shelake', 'username': 'mksh_pune', 'type': 'private'}, 'date': 1722984687, 'text': 'Hello, this is a direct message from my code! The run is complete'}}
2024-08-07 04:21:22 - python LHSextractor.py -t 20240807_041848_sample
<class 'pandas.core.frame.DataFrame'>
RangeIndex: 9 entries, 0 to 8
Data columns (total 4 columns):
 #   Column  Non-Null Count  Dtype  
---  ------  --------------  -----  
 0   A_FB    9 non-null      float64
 1   A_C     9 non-null      float64
 2   A_in    9 non-null      float64
 3   A_out   9 non-null      float64
dtypes: float64(4)
memory usage: 420.0 bytes
None
       A_FB       A_C      A_in     A_out
0  0.006621 -0.005125 -0.001583  0.005522
1 -0.003306  0.003420 -0.001744 -0.000346
2  0.001500  0.002706  0.000567 -0.005333
3 -0.004333  0.005840 -0.001637 -0.001632
4  0.003891  0.003627  0.001498 -0.005792
DataFrame saved to outputs/20240807_041848_sample/LHSdata_UL2016preVFP_ttbar_SemiLeptonic_20240807_041848_sample.csv
<class 'pandas.core.frame.DataFrame'>
RangeIndex: 9 entries, 0 to 8
Data columns (total 4 columns):
 #   Column  Non-Null Count  Dtype  
---  ------  --------------  -----  
 0   A_FB    9 non-null      float64
 1   A_C     9 non-null      float64
 2   A_in    9 non-null      float64
 3   A_out   9 non-null      float64
dtypes: float64(4)
memory usage: 420.0 bytes
None
       A_FB       A_C      A_in     A_out
0 -0.000561  0.007518 -0.003565 -0.001327
1  0.000183 -0.001173  0.000232 -0.000462
2 -0.005745  0.003240 -0.000699 -0.002011
3  0.000156  0.001071 -0.001203  0.002905
4 -0.004000  0.006192 -0.002411  0.008071
DataFrame saved to outputs/20240807_041848_sample/LHSdata_UL2016postVFP_ttbar_SemiLeptonic_20240807_041848_sample.csv
<class 'pandas.core.frame.DataFrame'>
RangeIndex: 9 entries, 0 to 8
Data columns (total 4 columns):
 #   Column  Non-Null Count  Dtype  
---  ------  --------------  -----  
 0   A_FB    9 non-null      float64
 1   A_C     9 non-null      float64
 2   A_in    9 non-null      float64
 3   A_out   9 non-null      float64
dtypes: float64(4)
memory usage: 420.0 bytes
None
       A_FB       A_C      A_in     A_out
0 -0.003255  0.000526 -0.001717 -0.004639
1 -0.000166 -0.004529 -0.000651  0.002039
2  0.001555  0.003091 -0.000388  0.002740
3 -0.002577 -0.001642  0.001943 -0.005204
4 -0.001730 -0.000706  0.001134 -0.003755
DataFrame saved to outputs/20240807_041848_sample/LHSdata_UL2017_ttbar_SemiLeptonic_20240807_041848_sample.csv
<class 'pandas.core.frame.DataFrame'>
RangeIndex: 9 entries, 0 to 8
Data columns (total 4 columns):
 #   Column  Non-Null Count  Dtype  
---  ------  --------------  -----  
 0   A_FB    9 non-null      float64
 1   A_C     9 non-null      float64
 2   A_in    9 non-null      float64
 3   A_out   9 non-null      float64
dtypes: float64(4)
memory usage: 420.0 bytes
None
       A_FB       A_C      A_in     A_out
0 -0.000553 -0.001974 -0.001840  0.004505
1 -0.002028 -0.000105 -0.000791  0.000632
2 -0.001160  0.001580 -0.002724  0.010380
3  0.000669  0.002889 -0.001142 -0.002052
4 -0.000436  0.011928 -0.000211 -0.002780
DataFrame saved to outputs/20240807_041848_sample/LHSdata_UL2018_ttbar_SemiLeptonic_20240807_041848_sample.csv
2024-08-07 04:21:26 - python RHSextractor.py -t 20240807_041848_sample
<class 'pandas.core.frame.DataFrame'>
RangeIndex: 9 entries, 0 to 8
Data columns (total 30 columns):
 #   Column             Non-Null Count  Dtype  
---  ------             --------------  -----  
 0   Du                 9 non-null      float64
 1   Dd                 9 non-null      float64
 2   Fu_Nq              9 non-null      float64
 3   Fd_Nq              9 non-null      float64
 4   Fu_NEvents         9 non-null      float64
 5   Fd_NEvents         9 non-null      float64
 6   Du_out             9 non-null      float64
 7   Dd_out             9 non-null      float64
 8   Fu_Nq_out          9 non-null      float64
 9   Fd_Nq_out          9 non-null      float64
 10  Fu_NEvents_out     9 non-null      float64
 11  Fd_NEvents_out     9 non-null      float64
 12  Du_in              9 non-null      float64
 13  Dd_in              9 non-null      float64
 14  Fu_Nq_in           9 non-null      float64
 15  Fd_Nq_in           9 non-null      float64
 16  Fu_NEvents_in      9 non-null      float64
 17  Fd_NEvents_in      9 non-null      float64
 18  Du_notIN           9 non-null      float64
 19  Dd_notIN           9 non-null      float64
 20  Fu_Nq_notIN        9 non-null      float64
 21  Fd_Nq_notIN        9 non-null      float64
 22  Fu_NEvents_notIN   9 non-null      float64
 23  Fd_NEvents_notIN   9 non-null      float64
 24  Du_notOUT          9 non-null      float64
 25  Dd_notOUT          9 non-null      float64
 26  Fu_Nq_notOUT       9 non-null      float64
 27  Fd_Nq_notOUT       9 non-null      float64
 28  Fu_NEvents_notOUT  9 non-null      float64
 29  Fd_NEvents_notOUT  9 non-null      float64
dtypes: float64(30)
memory usage: 2.2 KB
None
         Du        Dd  ...  Fu_NEvents_notOUT  Fd_NEvents_notOUT
0  0.614594  0.414032  ...           0.045347           0.031450
1  0.629089  0.422872  ...           0.037763           0.027641
2  0.618143  0.406375  ...           0.034317           0.024036
3  0.624229  0.418266  ...           0.033778           0.022187
4  0.648478  0.421862  ...           0.031893           0.021563

[5 rows x 30 columns]
DataFrame saved to outputs/20240807_041848_sample/RHSdata_UL2016preVFP_ttbar_SemiLeptonic_20240807_041848_sample.csv
<class 'pandas.core.frame.DataFrame'>
RangeIndex: 9 entries, 0 to 8
Data columns (total 30 columns):
 #   Column             Non-Null Count  Dtype  
---  ------             --------------  -----  
 0   Du                 9 non-null      float64
 1   Dd                 9 non-null      float64
 2   Fu_Nq              9 non-null      float64
 3   Fd_Nq              9 non-null      float64
 4   Fu_NEvents         9 non-null      float64
 5   Fd_NEvents         9 non-null      float64
 6   Du_out             9 non-null      float64
 7   Dd_out             9 non-null      float64
 8   Fu_Nq_out          9 non-null      float64
 9   Fd_Nq_out          9 non-null      float64
 10  Fu_NEvents_out     9 non-null      float64
 11  Fd_NEvents_out     9 non-null      float64
 12  Du_in              9 non-null      float64
 13  Dd_in              9 non-null      float64
 14  Fu_Nq_in           9 non-null      float64
 15  Fd_Nq_in           9 non-null      float64
 16  Fu_NEvents_in      9 non-null      float64
 17  Fd_NEvents_in      9 non-null      float64
 18  Du_notIN           9 non-null      float64
 19  Dd_notIN           9 non-null      float64
 20  Fu_Nq_notIN        9 non-null      float64
 21  Fd_Nq_notIN        9 non-null      float64
 22  Fu_NEvents_notIN   9 non-null      float64
 23  Fd_NEvents_notIN   9 non-null      float64
 24  Du_notOUT          9 non-null      float64
 25  Dd_notOUT          9 non-null      float64
 26  Fu_Nq_notOUT       9 non-null      float64
 27  Fd_Nq_notOUT       9 non-null      float64
 28  Fu_NEvents_notOUT  9 non-null      float64
 29  Fd_NEvents_notOUT  9 non-null      float64
dtypes: float64(30)
memory usage: 2.2 KB
None
         Du        Dd  ...  Fu_NEvents_notOUT  Fd_NEvents_notOUT
0  0.620331  0.424878  ...           0.045562           0.031193
1  0.608489  0.397393  ...           0.038550           0.026655
2  0.631115  0.432908  ...           0.033952           0.023879
3  0.647724  0.416483  ...           0.033073           0.022273
4  0.648606  0.433476  ...           0.032249           0.022228

[5 rows x 30 columns]
DataFrame saved to outputs/20240807_041848_sample/RHSdata_UL2016postVFP_ttbar_SemiLeptonic_20240807_041848_sample.csv
<class 'pandas.core.frame.DataFrame'>
RangeIndex: 9 entries, 0 to 8
Data columns (total 30 columns):
 #   Column             Non-Null Count  Dtype  
---  ------             --------------  -----  
 0   Du                 9 non-null      float64
 1   Dd                 9 non-null      float64
 2   Fu_Nq              9 non-null      float64
 3   Fd_Nq              9 non-null      float64
 4   Fu_NEvents         9 non-null      float64
 5   Fd_NEvents         9 non-null      float64
 6   Du_out             9 non-null      float64
 7   Dd_out             9 non-null      float64
 8   Fu_Nq_out          9 non-null      float64
 9   Fd_Nq_out          9 non-null      float64
 10  Fu_NEvents_out     9 non-null      float64
 11  Fd_NEvents_out     9 non-null      float64
 12  Du_in              9 non-null      float64
 13  Dd_in              9 non-null      float64
 14  Fu_Nq_in           9 non-null      float64
 15  Fd_Nq_in           9 non-null      float64
 16  Fu_NEvents_in      9 non-null      float64
 17  Fd_NEvents_in      9 non-null      float64
 18  Du_notIN           9 non-null      float64
 19  Dd_notIN           9 non-null      float64
 20  Fu_Nq_notIN        9 non-null      float64
 21  Fd_Nq_notIN        9 non-null      float64
 22  Fu_NEvents_notIN   9 non-null      float64
 23  Fd_NEvents_notIN   9 non-null      float64
 24  Du_notOUT          9 non-null      float64
 25  Dd_notOUT          9 non-null      float64
 26  Fu_Nq_notOUT       9 non-null      float64
 27  Fd_Nq_notOUT       9 non-null      float64
 28  Fu_NEvents_notOUT  9 non-null      float64
 29  Fd_NEvents_notOUT  9 non-null      float64
dtypes: float64(30)
memory usage: 2.2 KB
None
         Du        Dd  ...  Fu_NEvents_notOUT  Fd_NEvents_notOUT
0  0.607515  0.407804  ...           0.046911           0.031890
1  0.619136  0.412041  ...           0.038484           0.026284
2  0.612154  0.422870  ...           0.034225           0.023834
3  0.657177  0.417095  ...           0.032516           0.021689
4  0.669035  0.437540  ...           0.032852           0.022287

[5 rows x 30 columns]
DataFrame saved to outputs/20240807_041848_sample/RHSdata_UL2017_ttbar_SemiLeptonic_20240807_041848_sample.csv
<class 'pandas.core.frame.DataFrame'>
RangeIndex: 9 entries, 0 to 8
Data columns (total 30 columns):
 #   Column             Non-Null Count  Dtype  
---  ------             --------------  -----  
 0   Du                 9 non-null      float64
 1   Dd                 9 non-null      float64
 2   Fu_Nq              9 non-null      float64
 3   Fd_Nq              9 non-null      float64
 4   Fu_NEvents         9 non-null      float64
 5   Fd_NEvents         9 non-null      float64
 6   Du_out             9 non-null      float64
 7   Dd_out             9 non-null      float64
 8   Fu_Nq_out          9 non-null      float64
 9   Fd_Nq_out          9 non-null      float64
 10  Fu_NEvents_out     9 non-null      float64
 11  Fd_NEvents_out     9 non-null      float64
 12  Du_in              9 non-null      float64
 13  Dd_in              9 non-null      float64
 14  Fu_Nq_in           9 non-null      float64
 15  Fd_Nq_in           9 non-null      float64
 16  Fu_NEvents_in      9 non-null      float64
 17  Fd_NEvents_in      9 non-null      float64
 18  Du_notIN           9 non-null      float64
 19  Dd_notIN           9 non-null      float64
 20  Fu_Nq_notIN        9 non-null      float64
 21  Fd_Nq_notIN        9 non-null      float64
 22  Fu_NEvents_notIN   9 non-null      float64
 23  Fd_NEvents_notIN   9 non-null      float64
 24  Du_notOUT          9 non-null      float64
 25  Dd_notOUT          9 non-null      float64
 26  Fu_Nq_notOUT       9 non-null      float64
 27  Fd_Nq_notOUT       9 non-null      float64
 28  Fu_NEvents_notOUT  9 non-null      float64
 29  Fd_NEvents_notOUT  9 non-null      float64
dtypes: float64(30)
memory usage: 2.2 KB
None
         Du        Dd  ...  Fu_NEvents_notOUT  Fd_NEvents_notOUT
0  0.618426  0.409467  ...           0.047332           0.031165
1  0.645517  0.404746  ...           0.038534           0.026929
2  0.633640  0.413910  ...           0.034645           0.023652
3  0.641463  0.412255  ...           0.033860           0.023949
4  0.627681  0.422414  ...           0.032220           0.022687

[5 rows x 30 columns]
DataFrame saved to outputs/20240807_041848_sample/RHSdata_UL2018_ttbar_SemiLeptonic_20240807_041848_sample.csv
2024-08-07 04:22:05 - python LHSplotter.py -t 20240807_041848_sample
2024-08-07 04:22:08 - python RHSplotter.py -t 20240807_041848_sample
2024-08-07 04:22:23 - Script completed
===========================================================
2024-08-07 04:22:23 - ---------------Summary -------------------------
Description: Whole in one trial
Timestamp: 20240807_041848_sample
Log filename: logs/log_20240807_041848_sample.log
Skimmer output filename: 
Git hash: 5777fba19e913362fd234bf3af5dda7913a442c9
Script Status: Successfully run
===========================================================
