---------------Script Timeline -------------------------
2024-08-27 06:38:13 - Script started
2024-08-27 06:38:13 - Adding and committing scripts to git
2024-08-27 06:38:13 - Files added and committed to Git
2024-08-27 06:38:13 - Fetching the current git hash
2024-08-27 06:38:13 - Current Git commit hash: 18bcfeec4fdfdd1232388eaca5d877329305c40a
2024-08-27 06:38:13 - 
2024-08-27 06:38:13 - python RHSskimmer.py -s -t 20240827_063813_sample -c ttbar_SemiLeptonic
Selected eras: ['UL2016preVFP', 'UL2016postVFP', 'UL2017', 'UL2018']
Sample mode: True
Timestamp for book-keeping: 20240827_063813_sample
Channels: ['ttbar_SemiLeptonic']
Traceback (most recent call last):
  File "/nfs/home/mukund/Projects/updatedCoffea/Coffea_Analysis/src/Scripts/Fitting_AFB/RHSskimmer.py", line 229, in <module>
    main()
  File "/nfs/home/mukund/Projects/updatedCoffea/Coffea_Analysis/src/Scripts/Fitting_AFB/RHSskimmer.py", line 214, in main
    to_compute = apply_to_fileset(
                 ^^^^^^^^^^^^^^^^^
  File "/nfs/home/mukund/miniconda3/envs/newcoffea/lib/python3.11/site-packages/coffea/dataset_tools/apply_processor.py", line 125, in apply_to_fileset
    dataset_out = apply_to_dataset(
                  ^^^^^^^^^^^^^^^^^
  File "/nfs/home/mukund/miniconda3/envs/newcoffea/lib/python3.11/site-packages/coffea/dataset_tools/apply_processor.py", line 81, in apply_to_dataset
    out = data_manipulation.process(events)
          ^^^^^^^^^^^^^^^^^^^^^^^^^^^^^^^^^
  File "/nfs/home/mukund/Projects/updatedCoffea/Coffea_Analysis/src/Scripts/Fitting_AFB/RHSskimmer.py", line 90, in process
    yt2D.fill(
  File "/nfs/home/mukund/miniconda3/envs/newcoffea/lib/python3.11/site-packages/hist/basehist.py", line 240, in fill
    raise TypeError(
TypeError: All axes must be accounted for in fill, you may have used a disallowed name in the axes
2024-08-27 06:38:29 - python messegeBOT.py
{'ok': True, 'result': {'message_id': 2333, 'from': {'id': 6939748954, 'is_bot': True, 'first_name': 'msgerFromCode', 'username': 'MessengerfromCodeBot'}, 'chat': {'id': 977112746, 'first_name': 'Mukund', 'last_name': 'Shelake', 'username': 'mksh_pune', 'type': 'private'}, 'date': 1724720931, 'text': 'Hello, this is a direct message from my code! The run is complete'}}
2024-08-27 06:38:30 - 
2024-08-27 06:38:30 - python RHSextractor.py -t 20240827_063813_sample
Traceback (most recent call last):
  File "/nfs/home/mukund/Projects/updatedCoffea/Coffea_Analysis/src/Scripts/Fitting_AFB/RHSextractor.py", line 23, in <module>
    out = load(os.path.join(outputDir,coffeaFile))
          ^^^^^^^^^^^^^^^^^^^^^^^^^^^^^^^^^^^^^^^^
  File "/nfs/home/mukund/miniconda3/envs/newcoffea/lib/python3.11/site-packages/coffea/util.py", line 41, in load
    with lz4.frame.open(filename) as fin:
         ^^^^^^^^^^^^^^^^^^^^^^^^
  File "/nfs/home/mukund/miniconda3/envs/newcoffea/lib/python3.11/site-packages/lz4/frame/__init__.py", line 878, in open
    binary_file = LZ4FrameFile(
                  ^^^^^^^^^^^^^
  File "/nfs/home/mukund/miniconda3/envs/newcoffea/lib/python3.11/site-packages/lz4/frame/__init__.py", line 530, in __init__
    self._fp = builtins.open(filename, mode)
               ^^^^^^^^^^^^^^^^^^^^^^^^^^^^^
FileNotFoundError: [Errno 2] No such file or directory: 'outputs/20240827_063813_sample/RHSskimmerOutput_20240827_063813_sample.coffea'
2024-08-27 06:38:30 - 
2024-08-27 06:38:30 - 
2024-08-27 06:38:30 - Script completed
===========================================================
2024-08-27 06:38:30 - ---------------Summary -------------------------
Description: checking if RHS side is ready or not
Timestamp: 20240827_063813_sample
Log filename: logs/log_20240827_063813_sample.log
Skimmer output filename: 
Git hash: 18bcfeec4fdfdd1232388eaca5d877329305c40a
Script Status: Successfully run
===========================================================
