---------------Script Timeline -------------------------
2024-07-25 05:35:04 - Script started
2024-07-25 05:35:04 - Adding and committing scripts to git
2024-07-25 05:35:05 - Files added and committed to Git
2024-07-25 05:35:05 - Fetching the current git hash
2024-07-25 05:35:05 - Current Git commit hash: 9bf640780299a07065d6b52ae0b9aafa58aa95d5
2024-07-25 05:35:05 - python skimmer.py -s -o skimmerOutput_20240725_053504_sample.coffea -c ttbar_SemiLeptonic -e UL2016preVFP
Selected eras: ['UL2016preVFP']
Sample mode: True
Output file: skimmerOutput_20240725_053504_sample.coffea
Channels: ['ttbar_SemiLeptonic']
Output file is stored in outputs/skimmerOutput_20240725_053504_sample.coffea
2024-07-25 05:35:51 - python messegeBOT.py
{'ok': True, 'result': {'message_id': 1115, 'from': {'id': 6939748954, 'is_bot': True, 'first_name': 'msgerFromCode', 'username': 'MessengerfromCodeBot'}, 'chat': {'id': 977112746, 'first_name': 'Mukund', 'last_name': 'Shelake', 'username': 'mksh_pune', 'type': 'private'}, 'date': 1721865938, 'text': 'Hello, this is a direct message from my code! The run is complete'}}
2024-07-25 05:35:52 - Script completed
===========================================================
2024-07-25 05:35:52 - ---------------Summary -------------------------
Description: Converted all xq and pdg info into one array
Timestamp: 20240725_053504_sample
Log filename: logs/log_20240725_053504_sample.log
Skimmer output filename: skimmerOutput_20240725_053504_sample.coffea
Git hash: 9bf640780299a07065d6b52ae0b9aafa58aa95d5
Script Status: Successfully run
===========================================================
