---------------Script Timeline -------------------------
2024-08-26 06:11:19 - Script started
2024-08-26 06:11:19 - Adding and committing scripts to git
2024-08-26 06:11:19 - Files added and committed to Git
2024-08-26 06:11:19 - Fetching the current git hash
2024-08-26 06:11:19 - Current Git commit hash: 386f16e20b59ebfe2870edbebd7d70c38d0dd1f6
2024-08-26 06:11:19 - python LHSskimmer.py  -t 20240826_061119 -c ttbar_SemiLeptonic
Selected eras: ['UL2016preVFP', 'UL2016postVFP', 'UL2017', 'UL2018']
Sample mode: False
Timestamp for book keeping: 20240826_061119
Channels: ['ttbar_SemiLeptonic']
Output file is stored in outputs/20240826_061119/LHSskimmerOutput_20240826_061119.coffea
2024-08-26 07:36:50 - 
2024-08-26 07:36:50 - python messegeBOT.py
{'ok': True, 'result': {'message_id': 2332, 'from': {'id': 6939748954, 'is_bot': True, 'first_name': 'msgerFromCode', 'username': 'MessengerfromCodeBot'}, 'chat': {'id': 977112746, 'first_name': 'Mukund', 'last_name': 'Shelake', 'username': 'mksh_pune', 'type': 'private'}, 'date': 1724638033, 'text': 'Hello, this is a direct message from my code! The run is complete'}}
2024-08-26 07:36:54 - 
2024-08-26 07:36:54 - 
2024-08-26 07:36:54 - 
2024-08-26 07:36:54 - 
2024-08-26 07:36:54 - Script completed
===========================================================
2024-08-26 07:36:54 - ---------------Summary -------------------------
Description: Removed beta
Timestamp: 20240826_061119
Log filename: logs/log_20240826_061119.log
Skimmer output filename: 
Git hash: 386f16e20b59ebfe2870edbebd7d70c38d0dd1f6
Script Status: Successfully run
===========================================================
