---------------Script Timeline -------------------------
2024-08-06 23:47:16 - Script started
2024-08-06 23:47:16 - Adding and committing scripts to git
2024-08-06 23:47:16 - Files added and committed to Git
2024-08-06 23:47:16 - Fetching the current git hash
2024-08-06 23:47:16 - Current Git commit hash: 6e4a36e7d0c6a7f4a4cc981b39f420fc646247f6
2024-08-06 23:47:16 - python LHSskimmer.py -s -t 20240806_234716_sample -c ttbar_SemiLeptonic
Selected eras: ['UL2016preVFP', 'UL2016postVFP', 'UL2017', 'UL2018']
Sample mode: True
Timestamp for book keeping: 20240806_234716_sample
Channels: ['ttbar_SemiLeptonic']
Output file is stored in outputs/20240806_234716_sample/LHSskimmerOutput_20240806_234716_sample.coffea
2024-08-06 23:47:46 - python messegeBOT.py
{'ok': True, 'result': {'message_id': 1542, 'from': {'id': 6939748954, 'is_bot': True, 'first_name': 'msgerFromCode', 'username': 'MessengerfromCodeBot'}, 'chat': {'id': 977112746, 'first_name': 'Mukund', 'last_name': 'Shelake', 'username': 'mksh_pune', 'type': 'private'}, 'date': 1722968272, 'text': 'Hello, this is a direct message from my code! The run is complete'}}
2024-08-06 23:47:47 - python LHSextractor.py -t 20240806_234716_sample
Traceback (most recent call last):
  File "/nfs/home/mukund/Projects/updatedCoffea/Coffea_Analysis/src/Scripts/Fitting_AFB/LHSextractor.py", line 24, in <module>
    out = load(os.path.join(outputDir,coffeaFile))
          ^^^^^^^^^^^^^^^^^^^^^^^^^^^^^^^^^^^^^^^^
  File "/nfs/home/mukund/miniconda3/envs/newcoffea/lib/python3.11/site-packages/coffea/util.py", line 41, in load
    with lz4.frame.open(filename) as fin:
         ^^^^^^^^^^^^^^^^^^^^^^^^
  File "/nfs/home/mukund/miniconda3/envs/newcoffea/lib/python3.11/site-packages/lz4/frame/__init__.py", line 878, in open
    binary_file = LZ4FrameFile(
                  ^^^^^^^^^^^^^
  File "/nfs/home/mukund/miniconda3/envs/newcoffea/lib/python3.11/site-packages/lz4/frame/__init__.py", line 530, in __init__
    self._fp = builtins.open(filename, mode)
               ^^^^^^^^^^^^^^^^^^^^^^^^^^^^^
FileNotFoundError: [Errno 2] No such file or directory: 'outputs/LHSskimmerOutput_20240806_234716_sample.coffea'
2024-08-06 23:47:48 - 
2024-08-06 23:47:49 - python LHSplotter.py -t 20240806_234716_sample
Traceback (most recent call last):
  File "/nfs/home/mukund/Projects/updatedCoffea/Coffea_Analysis/src/Scripts/Fitting_AFB/LHSplotter.py", line 24, in <module>
    out = load(os.path.join(outputDir,coffeaFile))
          ^^^^^^^^^^^^^^^^^^^^^^^^^^^^^^^^^^^^^^^^
  File "/nfs/home/mukund/miniconda3/envs/newcoffea/lib/python3.11/site-packages/coffea/util.py", line 41, in load
    with lz4.frame.open(filename) as fin:
         ^^^^^^^^^^^^^^^^^^^^^^^^
  File "/nfs/home/mukund/miniconda3/envs/newcoffea/lib/python3.11/site-packages/lz4/frame/__init__.py", line 878, in open
    binary_file = LZ4FrameFile(
                  ^^^^^^^^^^^^^
  File "/nfs/home/mukund/miniconda3/envs/newcoffea/lib/python3.11/site-packages/lz4/frame/__init__.py", line 530, in __init__
    self._fp = builtins.open(filename, mode)
               ^^^^^^^^^^^^^^^^^^^^^^^^^^^^^
FileNotFoundError: [Errno 2] No such file or directory: 'outputs/skimmerOutput_20240806_234716_sample.coffea'
2024-08-06 23:47:49 - 
2024-08-06 23:47:49 - Script completed
===========================================================
2024-08-06 23:47:49 - ---------------Summary -------------------------
Description: Added folder structure in outputs
Timestamp: 20240806_234716_sample
Log filename: logs/log_20240806_234716_sample.log
Skimmer output filename: 
Git hash: 6e4a36e7d0c6a7f4a4cc981b39f420fc646247f6
Script Status: Successfully run
===========================================================
