---------------Script Timeline -------------------------
2024-07-25 05:54:41 - Script started
2024-07-25 05:54:41 - Adding and committing scripts to git
2024-07-25 05:54:42 - Files added and committed to Git
2024-07-25 05:54:42 - Fetching the current git hash
2024-07-25 05:54:42 - Current Git commit hash: 0784dd7ace01bceb2302aa50f13441dd54b7b0da
2024-07-25 05:54:42 - python skimmer.py  -o skimmerOutput_20240725_055441.coffea -c ttbar_SemiLeptonic
Selected eras: ['UL2016preVFP', 'UL2016postVFP', 'UL2017', 'UL2018']
Sample mode: False
Output file: skimmerOutput_20240725_055441.coffea
Channels: ['ttbar_SemiLeptonic']
Output file is stored in outputs/skimmerOutput_20240725_055441.coffea
2024-07-25 07:20:13 - python messegeBOT.py
{'ok': True, 'result': {'message_id': 1117, 'from': {'id': 6939748954, 'is_bot': True, 'first_name': 'msgerFromCode', 'username': 'MessengerfromCodeBot'}, 'chat': {'id': 977112746, 'first_name': 'Mukund', 'last_name': 'Shelake', 'username': 'mksh_pune', 'type': 'private'}, 'date': 1721872205, 'text': 'Hello, this is a direct message from my code! The run is complete'}}
2024-07-25 07:20:18 - Script completed
===========================================================
2024-07-25 07:20:18 - ---------------Summary -------------------------
Description: Trying out converged array on full data
Timestamp: 20240725_055441
Log filename: logs/log_20240725_055441.log
Skimmer output filename: skimmerOutput_20240725_055441.coffea
Git hash: 0784dd7ace01bceb2302aa50f13441dd54b7b0da
Script Status: Successfully run
===========================================================
