---------------Script Timeline -------------------------
2024-08-06 23:55:43 - Script started
2024-08-06 23:55:43 - Adding and committing scripts to git
2024-08-06 23:55:43 - Files added and committed to Git
2024-08-06 23:55:43 - Fetching the current git hash
2024-08-06 23:55:43 - Current Git commit hash: 0534f486132fc161f7753b319287a372653ab7da
2024-08-06 23:55:43 - python LHSskimmer.py -s -t 20240806_235543_sample -c ttbar_SemiLeptonic
Selected eras: ['UL2016preVFP', 'UL2016postVFP', 'UL2017', 'UL2018']
Sample mode: True
Timestamp for book keeping: 20240806_235543_sample
Channels: ['ttbar_SemiLeptonic']
Output file is stored in outputs/20240806_235543_sample/LHSskimmerOutput_20240806_235543_sample.coffea
2024-08-06 23:56:17 - python messegeBOT.py
{'ok': True, 'result': {'message_id': 1544, 'from': {'id': 6939748954, 'is_bot': True, 'first_name': 'msgerFromCode', 'username': 'MessengerfromCodeBot'}, 'chat': {'id': 977112746, 'first_name': 'Mukund', 'last_name': 'Shelake', 'username': 'mksh_pune', 'type': 'private'}, 'date': 1722968783, 'text': 'Hello, this is a direct message from my code! The run is complete'}}
2024-08-06 23:56:18 - python LHSextractor.py -t 20240806_235543_sample
<class 'pandas.core.frame.DataFrame'>
RangeIndex: 200 entries, 0 to 199
Data columns (total 4 columns):
 #   Column  Non-Null Count  Dtype  
---  ------  --------------  -----  
 0   A_FB    200 non-null    float64
 1   A_C     200 non-null    float64
 2   A_in    200 non-null    float64
 3   A_out   200 non-null    float64
dtypes: float64(4)
memory usage: 6.4 KB
None
       A_FB       A_C      A_in     A_out
0 -0.222222 -0.066667  0.090909 -1.000000
1 -0.090909  0.500000  0.250000 -0.333333
2 -0.130435  0.142857  0.200000  0.500000
3 -0.052632 -0.142857  0.142857 -1.000000
4 -0.250000  0.200000 -0.428571  0.500000
DataFrame saved to outputs/20240806_235543_sample/LHSdata_UL2016preVFP_ttbar_SemiLeptonic_20240806_235543_sample.csv
<class 'pandas.core.frame.DataFrame'>
RangeIndex: 200 entries, 0 to 199
Data columns (total 4 columns):
 #   Column  Non-Null Count  Dtype  
---  ------  --------------  -----  
 0   A_FB    200 non-null    float64
 1   A_C     200 non-null    float64
 2   A_in    200 non-null    float64
 3   A_out   200 non-null    float64
dtypes: float64(4)
memory usage: 6.4 KB
None
       A_FB       A_C      A_in     A_out
0 -0.142857 -0.636364  0.043478 -0.500000
1 -0.304348 -1.000000  0.052632 -0.333333
2  0.043478  0.000000 -0.100000  0.000000
3 -0.142857  0.230769 -0.176471 -0.666667
4 -0.034483  0.333333 -0.272727  0.600000
DataFrame saved to outputs/20240806_235543_sample/LHSdata_UL2016postVFP_ttbar_SemiLeptonic_20240806_235543_sample.csv
<class 'pandas.core.frame.DataFrame'>
RangeIndex: 200 entries, 0 to 199
Data columns (total 4 columns):
 #   Column  Non-Null Count  Dtype  
---  ------  --------------  -----  
 0   A_FB    200 non-null    float64
 1   A_C     200 non-null    float64
 2   A_in    200 non-null    float64
 3   A_out   200 non-null    float64
dtypes: float64(4)
memory usage: 6.4 KB
None
       A_FB       A_C      A_in     A_out
0  0.076923 -0.538462  0.142857 -0.666667
1 -0.272727  0.600000 -0.142857  0.555556
2  0.333333  0.428571 -0.076923  0.200000
3  0.272727 -0.500000 -0.111111 -0.750000
4 -0.277778 -0.166667  0.181818 -0.454545
DataFrame saved to outputs/20240806_235543_sample/LHSdata_UL2017_ttbar_SemiLeptonic_20240806_235543_sample.csv
<class 'pandas.core.frame.DataFrame'>
RangeIndex: 200 entries, 0 to 199
Data columns (total 4 columns):
 #   Column  Non-Null Count  Dtype  
---  ------  --------------  -----  
 0   A_FB    200 non-null    float64
 1   A_C     200 non-null    float64
 2   A_in    200 non-null    float64
 3   A_out   200 non-null    float64
dtypes: float64(4)
memory usage: 6.4 KB
None
       A_FB       A_C      A_in     A_out
0 -0.090909  0.052632 -0.055556  0.666667
1  0.111111 -0.066667  0.043478  0.200000
2 -0.179487  0.090909 -0.142857  0.142857
3 -0.272727  0.000000 -0.130435 -0.142857
4 -0.133333  0.000000 -0.120000  0.333333
DataFrame saved to outputs/20240806_235543_sample/LHSdata_UL2018_ttbar_SemiLeptonic_20240806_235543_sample.csv
2024-08-06 23:57:56 - 
2024-08-06 23:57:56 - python LHSplotter.py -t 20240806_235543_sample
2024-08-06 23:58:02 - 
2024-08-06 23:58:02 - Script completed
===========================================================
2024-08-06 23:58:02 - ---------------Summary -------------------------
Description: Added folder structure in outputs
Timestamp: 20240806_235543_sample
Log filename: logs/log_20240806_235543_sample.log
Skimmer output filename: 
Git hash: 0534f486132fc161f7753b319287a372653ab7da
Script Status: Successfully run
===========================================================
