---------------Script Timeline -------------------------
2024-08-27 06:45:55 - Script started
2024-08-27 06:45:55 - Adding and committing scripts to git
2024-08-27 06:45:55 - Files added and committed to Git
2024-08-27 06:45:55 - Fetching the current git hash
2024-08-27 06:45:55 - Current Git commit hash: ae7ade69e72264be0833f0043d625ac7ccc7f642
2024-08-27 06:45:55 - python LHSskimmer.py  -t 20240827_064555 -c ttbar_SemiLeptonic
Selected eras: ['UL2016preVFP', 'UL2016postVFP', 'UL2017', 'UL2018']
Sample mode: False
Timestamp for book keeping: 20240827_064555
Channels: ['ttbar_SemiLeptonic']
Output file is stored in outputs/20240827_064555/LHSskimmerOutput_20240827_064555.coffea
2024-08-27 08:09:28 - python RHSskimmer.py  -t 20240827_064555 -c ttbar_SemiLeptonic
Selected eras: ['UL2016preVFP', 'UL2016postVFP', 'UL2017', 'UL2018']
Sample mode: False
Timestamp for book-keeping: 20240827_064555
Channels: ['ttbar_SemiLeptonic']
Output file is stored in outputs/20240827_064555/RHSskimmerOutput_20240827_064555.coffea
2024-08-27 09:34:38 - python messegeBOT.py
{'ok': True, 'result': {'message_id': 2336, 'from': {'id': 6939748954, 'is_bot': True, 'first_name': 'msgerFromCode', 'username': 'MessengerfromCodeBot'}, 'chat': {'id': 977112746, 'first_name': 'Mukund', 'last_name': 'Shelake', 'username': 'mksh_pune', 'type': 'private'}, 'date': 1724731503, 'text': 'Hello, this is a direct message from my code! The run is complete'}}
2024-08-27 09:34:42 - python LHSextractor.py -t 20240827_064555
Parsing arguments
The obtained A_FB values are:  [0.02656832 0.03645191 0.0414744  0.05002028 0.06823291]
The obtained A_C values are:  [0.00103862 0.00319293 0.00319342 0.00448687 0.00596274]
The obtained A_out values are:  [0.00064588 0.00342105 0.00408563 0.00563073 0.00602413]
The obtained A_in values are:  [-0.00057049 -0.00124102 -0.00175437 -0.00249921 -0.00398273]
<class 'pandas.core.frame.DataFrame'>
RangeIndex: 5 entries, 0 to 4
Data columns (total 4 columns):
 #   Column  Non-Null Count  Dtype  
---  ------  --------------  -----  
 0   A_FB    5 non-null      float64
 1   A_C     5 non-null      float64
 2   A_in    5 non-null      float64
 3   A_out   5 non-null      float64
dtypes: float64(4)
memory usage: 292.0 bytes
None
       A_FB       A_C      A_in     A_out
0  0.026568  0.001039 -0.000570  0.000646
1  0.036452  0.003193 -0.001241  0.003421
2  0.041474  0.003193 -0.001754  0.004086
3  0.050020  0.004487 -0.002499  0.005631
4  0.068233  0.005963 -0.003983  0.006024
DataFrame saved to outputs/20240827_064555/LHSdata_UL2016preVFP_ttbar_SemiLeptonic_20240827_064555.csv
The obtained A_FB values are:  [0.02780111 0.0367544  0.04157546 0.0492272  0.06951058]
The obtained A_C values are:  [0.00091602 0.00279715 0.00357033 0.00393663 0.00643273]
The obtained A_out values are:  [0.00030314 0.00297119 0.00425244 0.00430945 0.00645337]
The obtained A_in values are:  [-0.00064701 -0.00116805 -0.00171926 -0.00211369 -0.00410324]
<class 'pandas.core.frame.DataFrame'>
RangeIndex: 5 entries, 0 to 4
Data columns (total 4 columns):
 #   Column  Non-Null Count  Dtype  
---  ------  --------------  -----  
 0   A_FB    5 non-null      float64
 1   A_C     5 non-null      float64
 2   A_in    5 non-null      float64
 3   A_out   5 non-null      float64
dtypes: float64(4)
memory usage: 292.0 bytes
None
       A_FB       A_C      A_in     A_out
0  0.027801  0.000916 -0.000647  0.000303
1  0.036754  0.002797 -0.001168  0.002971
2  0.041575  0.003570 -0.001719  0.004252
3  0.049227  0.003937 -0.002114  0.004309
4  0.069511  0.006433 -0.004103  0.006453
DataFrame saved to outputs/20240827_064555/LHSdata_UL2016postVFP_ttbar_SemiLeptonic_20240827_064555.csv
The obtained A_FB values are:  [0.02784059 0.03622793 0.04222706 0.05027916 0.06858991]
The obtained A_C values are:  [0.00100868 0.00279413 0.0041486  0.0049496  0.00644585]
The obtained A_out values are:  [0.00048212 0.00261092 0.00440383 0.00529847 0.00648434]
The obtained A_in values are:  [-0.00062826 -0.00101173 -0.001707   -0.00263914 -0.00412136]
<class 'pandas.core.frame.DataFrame'>
RangeIndex: 5 entries, 0 to 4
Data columns (total 4 columns):
 #   Column  Non-Null Count  Dtype  
---  ------  --------------  -----  
 0   A_FB    5 non-null      float64
 1   A_C     5 non-null      float64
 2   A_in    5 non-null      float64
 3   A_out   5 non-null      float64
dtypes: float64(4)
memory usage: 292.0 bytes
None
       A_FB       A_C      A_in     A_out
0  0.027841  0.001009 -0.000628  0.000482
1  0.036228  0.002794 -0.001012  0.002611
2  0.042227  0.004149 -0.001707  0.004404
3  0.050279  0.004950 -0.002639  0.005298
4  0.068590  0.006446 -0.004121  0.006484
DataFrame saved to outputs/20240827_064555/LHSdata_UL2017_ttbar_SemiLeptonic_20240827_064555.csv
The obtained A_FB values are:  [0.02794904 0.0363065  0.04306246 0.05046717 0.06659222]
The obtained A_C values are:  [0.00091038 0.00275182 0.00402462 0.00450311 0.00561915]
The obtained A_out values are:  [0.00043044 0.00269821 0.00405066 0.00493731 0.00578742]
The obtained A_in values are:  [-0.00064072 -0.00106924 -0.00168025 -0.00241516 -0.00376279]
<class 'pandas.core.frame.DataFrame'>
RangeIndex: 5 entries, 0 to 4
Data columns (total 4 columns):
 #   Column  Non-Null Count  Dtype  
---  ------  --------------  -----  
 0   A_FB    5 non-null      float64
 1   A_C     5 non-null      float64
 2   A_in    5 non-null      float64
 3   A_out   5 non-null      float64
dtypes: float64(4)
memory usage: 292.0 bytes
None
       A_FB       A_C      A_in     A_out
0  0.027949  0.000910 -0.000641  0.000430
1  0.036306  0.002752 -0.001069  0.002698
2  0.043062  0.004025 -0.001680  0.004051
3  0.050467  0.004503 -0.002415  0.004937
4  0.066592  0.005619 -0.003763  0.005787
DataFrame saved to outputs/20240827_064555/LHSdata_UL2018_ttbar_SemiLeptonic_20240827_064555.csv
2024-08-27 09:35:00 - python RHSextractor.py -t 20240827_064555
<class 'pandas.core.frame.DataFrame'>
RangeIndex: 5 entries, 0 to 4
Data columns (total 32 columns):
 #   Column             Non-Null Count  Dtype  
---  ------             --------------  -----  
 0   Du                 5 non-null      float64
 1   Dd                 5 non-null      float64
 2   Fu_Nq              5 non-null      float64
 3   Fd_Nq              5 non-null      float64
 4   Fu_NEvents         5 non-null      float64
 5   Fd_NEvents         5 non-null      float64
 6   Du_out             5 non-null      float64
 7   Dd_out             5 non-null      float64
 8   Fu_Nq_out          5 non-null      float64
 9   Fd_Nq_out          5 non-null      float64
 10  Fu_NEvents_out     5 non-null      float64
 11  Fd_NEvents_out     5 non-null      float64
 12  outFactor          5 non-null      float64
 13  Du_in              5 non-null      float64
 14  Dd_in              5 non-null      float64
 15  Fu_Nq_in           5 non-null      float64
 16  Fd_Nq_in           5 non-null      float64
 17  Fu_NEvents_in      5 non-null      float64
 18  Fd_NEvents_in      5 non-null      float64
 19  inFactor           5 non-null      float64
 20  Du_notIN           5 non-null      float64
 21  Dd_notIN           5 non-null      float64
 22  Fu_Nq_notIN        5 non-null      float64
 23  Fd_Nq_notIN        5 non-null      float64
 24  Fu_NEvents_notIN   5 non-null      float64
 25  Fd_NEvents_notIN   5 non-null      float64
 26  Du_notOUT          5 non-null      float64
 27  Dd_notOUT          5 non-null      float64
 28  Fu_Nq_notOUT       5 non-null      float64
 29  Fd_Nq_notOUT       5 non-null      float64
 30  Fu_NEvents_notOUT  5 non-null      float64
 31  Fd_NEvents_notOUT  5 non-null      float64
dtypes: float64(32)
memory usage: 1.4 KB
None
         Du        Dd  ...  Fu_NEvents_notOUT  Fd_NEvents_notOUT
0  0.627471  0.410605  ...           0.036652           0.025612
1  0.637659  0.419740  ...           0.032779           0.022462
2  0.644838  0.426287  ...           0.032552           0.021901
3  0.650722  0.431693  ...           0.034002           0.022204
4  0.653407  0.442839  ...           0.038179           0.024005

[5 rows x 32 columns]
DataFrame saved to outputs/20240827_064555/RHSdata_UL2016preVFP_ttbar_SemiLeptonic_20240827_064555.csv
<class 'pandas.core.frame.DataFrame'>
RangeIndex: 5 entries, 0 to 4
Data columns (total 32 columns):
 #   Column             Non-Null Count  Dtype  
---  ------             --------------  -----  
 0   Du                 5 non-null      float64
 1   Dd                 5 non-null      float64
 2   Fu_Nq              5 non-null      float64
 3   Fd_Nq              5 non-null      float64
 4   Fu_NEvents         5 non-null      float64
 5   Fd_NEvents         5 non-null      float64
 6   Du_out             5 non-null      float64
 7   Dd_out             5 non-null      float64
 8   Fu_Nq_out          5 non-null      float64
 9   Fd_Nq_out          5 non-null      float64
 10  Fu_NEvents_out     5 non-null      float64
 11  Fd_NEvents_out     5 non-null      float64
 12  outFactor          5 non-null      float64
 13  Du_in              5 non-null      float64
 14  Dd_in              5 non-null      float64
 15  Fu_Nq_in           5 non-null      float64
 16  Fd_Nq_in           5 non-null      float64
 17  Fu_NEvents_in      5 non-null      float64
 18  Fd_NEvents_in      5 non-null      float64
 19  inFactor           5 non-null      float64
 20  Du_notIN           5 non-null      float64
 21  Dd_notIN           5 non-null      float64
 22  Fu_Nq_notIN        5 non-null      float64
 23  Fd_Nq_notIN        5 non-null      float64
 24  Fu_NEvents_notIN   5 non-null      float64
 25  Fd_NEvents_notIN   5 non-null      float64
 26  Du_notOUT          5 non-null      float64
 27  Dd_notOUT          5 non-null      float64
 28  Fu_Nq_notOUT       5 non-null      float64
 29  Fd_Nq_notOUT       5 non-null      float64
 30  Fu_NEvents_notOUT  5 non-null      float64
 31  Fd_NEvents_notOUT  5 non-null      float64
dtypes: float64(32)
memory usage: 1.4 KB
None
         Du        Dd  ...  Fu_NEvents_notOUT  Fd_NEvents_notOUT
0  0.629013  0.408098  ...           0.036519           0.025596
1  0.639921  0.419997  ...           0.032777           0.022448
2  0.647281  0.427272  ...           0.032508           0.021832
3  0.651337  0.434101  ...           0.033958           0.022230
4  0.659426  0.442412  ...           0.038431           0.024235

[5 rows x 32 columns]
DataFrame saved to outputs/20240827_064555/RHSdata_UL2016postVFP_ttbar_SemiLeptonic_20240827_064555.csv
<class 'pandas.core.frame.DataFrame'>
RangeIndex: 5 entries, 0 to 4
Data columns (total 32 columns):
 #   Column             Non-Null Count  Dtype  
---  ------             --------------  -----  
 0   Du                 5 non-null      float64
 1   Dd                 5 non-null      float64
 2   Fu_Nq              5 non-null      float64
 3   Fd_Nq              5 non-null      float64
 4   Fu_NEvents         5 non-null      float64
 5   Fd_NEvents         5 non-null      float64
 6   Du_out             5 non-null      float64
 7   Dd_out             5 non-null      float64
 8   Fu_Nq_out          5 non-null      float64
 9   Fd_Nq_out          5 non-null      float64
 10  Fu_NEvents_out     5 non-null      float64
 11  Fd_NEvents_out     5 non-null      float64
 12  outFactor          5 non-null      float64
 13  Du_in              5 non-null      float64
 14  Dd_in              5 non-null      float64
 15  Fu_Nq_in           5 non-null      float64
 16  Fd_Nq_in           5 non-null      float64
 17  Fu_NEvents_in      5 non-null      float64
 18  Fd_NEvents_in      5 non-null      float64
 19  inFactor           5 non-null      float64
 20  Du_notIN           5 non-null      float64
 21  Dd_notIN           5 non-null      float64
 22  Fu_Nq_notIN        5 non-null      float64
 23  Fd_Nq_notIN        5 non-null      float64
 24  Fu_NEvents_notIN   5 non-null      float64
 25  Fd_NEvents_notIN   5 non-null      float64
 26  Du_notOUT          5 non-null      float64
 27  Dd_notOUT          5 non-null      float64
 28  Fu_Nq_notOUT       5 non-null      float64
 29  Fd_Nq_notOUT       5 non-null      float64
 30  Fu_NEvents_notOUT  5 non-null      float64
 31  Fd_NEvents_notOUT  5 non-null      float64
dtypes: float64(32)
memory usage: 1.4 KB
None
         Du        Dd  ...  Fu_NEvents_notOUT  Fd_NEvents_notOUT
0  0.631493  0.410632  ...           0.036775           0.025598
1  0.642171  0.420684  ...           0.032810           0.022451
2  0.647876  0.430021  ...           0.032535           0.021833
3  0.653438  0.435026  ...           0.033940           0.022232
4  0.656824  0.444666  ...           0.038196           0.024089

[5 rows x 32 columns]
DataFrame saved to outputs/20240827_064555/RHSdata_UL2017_ttbar_SemiLeptonic_20240827_064555.csv
<class 'pandas.core.frame.DataFrame'>
RangeIndex: 5 entries, 0 to 4
Data columns (total 32 columns):
 #   Column             Non-Null Count  Dtype  
---  ------             --------------  -----  
 0   Du                 5 non-null      float64
 1   Dd                 5 non-null      float64
 2   Fu_Nq              5 non-null      float64
 3   Fd_Nq              5 non-null      float64
 4   Fu_NEvents         5 non-null      float64
 5   Fd_NEvents         5 non-null      float64
 6   Du_out             5 non-null      float64
 7   Dd_out             5 non-null      float64
 8   Fu_Nq_out          5 non-null      float64
 9   Fd_Nq_out          5 non-null      float64
 10  Fu_NEvents_out     5 non-null      float64
 11  Fd_NEvents_out     5 non-null      float64
 12  outFactor          5 non-null      float64
 13  Du_in              5 non-null      float64
 14  Dd_in              5 non-null      float64
 15  Fu_Nq_in           5 non-null      float64
 16  Fd_Nq_in           5 non-null      float64
 17  Fu_NEvents_in      5 non-null      float64
 18  Fd_NEvents_in      5 non-null      float64
 19  inFactor           5 non-null      float64
 20  Du_notIN           5 non-null      float64
 21  Dd_notIN           5 non-null      float64
 22  Fu_Nq_notIN        5 non-null      float64
 23  Fd_Nq_notIN        5 non-null      float64
 24  Fu_NEvents_notIN   5 non-null      float64
 25  Fd_NEvents_notIN   5 non-null      float64
 26  Du_notOUT          5 non-null      float64
 27  Dd_notOUT          5 non-null      float64
 28  Fu_Nq_notOUT       5 non-null      float64
 29  Fd_Nq_notOUT       5 non-null      float64
 30  Fu_NEvents_notOUT  5 non-null      float64
 31  Fd_NEvents_notOUT  5 non-null      float64
dtypes: float64(32)
memory usage: 1.4 KB
None
         Du        Dd  ...  Fu_NEvents_notOUT  Fd_NEvents_notOUT
0  0.631851  0.410824  ...           0.036758           0.025639
1  0.642392  0.421614  ...           0.032804           0.022480
2  0.648040  0.426207  ...           0.032596           0.021864
3  0.651373  0.433820  ...           0.034017           0.022253
4  0.657393  0.445064  ...           0.038056           0.024073

[5 rows x 32 columns]
DataFrame saved to outputs/20240827_064555/RHSdata_UL2018_ttbar_SemiLeptonic_20240827_064555.csv
2024-08-27 09:35:06 - 
2024-08-27 09:35:06 - 
2024-08-27 09:35:06 - Script completed
===========================================================
2024-08-27 09:35:06 - ---------------Summary -------------------------
Description: Running all after debugging the AFB
Timestamp: 20240827_064555
Log filename: logs/log_20240827_064555.log
Skimmer output filename: 
Git hash: ae7ade69e72264be0833f0043d625ac7ccc7f642
Script Status: Successfully run
===========================================================
