---------------Script Timeline -------------------------
2024-08-06 23:42:51 - Script started
2024-08-06 23:42:51 - Adding and committing scripts to git
2024-08-06 23:42:51 - Files added and committed to Git
2024-08-06 23:42:51 - Fetching the current git hash
2024-08-06 23:42:51 - Current Git commit hash: ad4f89e3c971c17642fd8f20fa2147355baae54e
2024-08-06 23:42:51 - python LHSskimmer.py -s -t 20240806_234251_sample -c ttbar_SemiLeptonic
Selected eras: ['UL2016preVFP', 'UL2016postVFP', 'UL2017', 'UL2018']
Sample mode: True
Timestamp for book keeping: 20240806_234251_sample
Channels: ['ttbar_SemiLeptonic']
Traceback (most recent call last):
  File "/nfs/home/mukund/Projects/updatedCoffea/Coffea_Analysis/src/Scripts/Fitting_AFB/LHSskimmer.py", line 246, in <module>
    main()
  File "/nfs/home/mukund/Projects/updatedCoffea/Coffea_Analysis/src/Scripts/Fitting_AFB/LHSskimmer.py", line 240, in main
    save(out, os.path.join(outputDir, outputFile))
  File "/nfs/home/mukund/miniconda3/envs/newcoffea/lib/python3.11/site-packages/coffea/util.py", line 51, in save
    with lz4.frame.open(filename, "wb") as fout:
         ^^^^^^^^^^^^^^^^^^^^^^^^^^^^^^
  File "/nfs/home/mukund/miniconda3/envs/newcoffea/lib/python3.11/site-packages/lz4/frame/__init__.py", line 878, in open
    binary_file = LZ4FrameFile(
                  ^^^^^^^^^^^^^
  File "/nfs/home/mukund/miniconda3/envs/newcoffea/lib/python3.11/site-packages/lz4/frame/__init__.py", line 530, in __init__
    self._fp = builtins.open(filename, mode)
               ^^^^^^^^^^^^^^^^^^^^^^^^^^^^^
FileNotFoundError: [Errno 2] No such file or directory: 'outputs/20240806_234251_sample/LHSskimmerOutput_20240806_234251_sample.coffea'
2024-08-06 23:43:15 - python messegeBOT.py
{'ok': True, 'result': {'message_id': 1541, 'from': {'id': 6939748954, 'is_bot': True, 'first_name': 'msgerFromCode', 'username': 'MessengerfromCodeBot'}, 'chat': {'id': 977112746, 'first_name': 'Mukund', 'last_name': 'Shelake', 'username': 'mksh_pune', 'type': 'private'}, 'date': 1722968001, 'text': 'Hello, this is a direct message from my code! The run is complete'}}
2024-08-06 23:43:16 - python LHSextractor.py -t 20240806_234251_sample
Traceback (most recent call last):
  File "/nfs/home/mukund/Projects/updatedCoffea/Coffea_Analysis/src/Scripts/Fitting_AFB/LHSextractor.py", line 24, in <module>
    out = load(os.path.join(outputDir,coffeaFile))
          ^^^^^^^^^^^^^^^^^^^^^^^^^^^^^^^^^^^^^^^^
  File "/nfs/home/mukund/miniconda3/envs/newcoffea/lib/python3.11/site-packages/coffea/util.py", line 41, in load
    with lz4.frame.open(filename) as fin:
         ^^^^^^^^^^^^^^^^^^^^^^^^
  File "/nfs/home/mukund/miniconda3/envs/newcoffea/lib/python3.11/site-packages/lz4/frame/__init__.py", line 878, in open
    binary_file = LZ4FrameFile(
                  ^^^^^^^^^^^^^
  File "/nfs/home/mukund/miniconda3/envs/newcoffea/lib/python3.11/site-packages/lz4/frame/__init__.py", line 530, in __init__
    self._fp = builtins.open(filename, mode)
               ^^^^^^^^^^^^^^^^^^^^^^^^^^^^^
FileNotFoundError: [Errno 2] No such file or directory: 'outputs/LHSskimmerOutput_20240806_234251_sample.coffea'
2024-08-06 23:43:18 - 
2024-08-06 23:43:18 - python LHSplotter.py -t 20240806_234251_sample
Traceback (most recent call last):
  File "/nfs/home/mukund/Projects/updatedCoffea/Coffea_Analysis/src/Scripts/Fitting_AFB/LHSplotter.py", line 24, in <module>
    out = load(os.path.join(outputDir,coffeaFile))
          ^^^^^^^^^^^^^^^^^^^^^^^^^^^^^^^^^^^^^^^^
  File "/nfs/home/mukund/miniconda3/envs/newcoffea/lib/python3.11/site-packages/coffea/util.py", line 41, in load
    with lz4.frame.open(filename) as fin:
         ^^^^^^^^^^^^^^^^^^^^^^^^
  File "/nfs/home/mukund/miniconda3/envs/newcoffea/lib/python3.11/site-packages/lz4/frame/__init__.py", line 878, in open
    binary_file = LZ4FrameFile(
                  ^^^^^^^^^^^^^
  File "/nfs/home/mukund/miniconda3/envs/newcoffea/lib/python3.11/site-packages/lz4/frame/__init__.py", line 530, in __init__
    self._fp = builtins.open(filename, mode)
               ^^^^^^^^^^^^^^^^^^^^^^^^^^^^^
FileNotFoundError: [Errno 2] No such file or directory: 'outputs/skimmerOutput_20240806_234251_sample.coffea'
2024-08-06 23:43:18 - 
2024-08-06 23:43:18 - Script completed
===========================================================
2024-08-06 23:43:18 - ---------------Summary -------------------------
Description: Added folder structure in outputs
Timestamp: 20240806_234251_sample
Log filename: logs/log_20240806_234251_sample.log
Skimmer output filename: 
Git hash: ad4f89e3c971c17642fd8f20fa2147355baae54e
Script Status: Successfully run
===========================================================
