---------------Script Timeline -------------------------
2024-07-19 19:27:06 - Script started
2024-07-19 19:27:06 - Adding and committing scripts to git
2024-07-19 19:27:06 - Files added and committed to Git
2024-07-19 19:27:06 - Fetching the current git hash
2024-07-19 19:27:06 - Current Git commit hash: 2fa1eb7769e0cd69fc3c51e8eb01683e81477c55
2024-07-19 19:27:06 - python newskimmer.py -s -o output_2024-07-19_19-27-06_sample.coffea


Working on ttbarSample_UL2016preVFP
Output file is stored in outputs/output_2024-07-19_19-27-06_sample.coffea
2024-07-19 19:27:18 - python messegeBOT.py
{'ok': True, 'result': {'message_id': 1098, 'from': {'id': 6939748954, 'is_bot': True, 'first_name': 'msgerFromCode', 'username': 'MessengerfromCodeBot'}, 'chat': {'id': 977112746, 'first_name': 'Mukund', 'last_name': 'Shelake', 'username': 'mksh_pune', 'type': 'private'}, 'date': 1721397200, 'text': 'Hello, this is a direct message from my code! The run is complete'}}
2024-07-19 19:27:18 - Script completed
===========================================================
2024-07-19 19:27:18 - ---------------Summary -------------------------
Timestamp: 2024-07-19_19-27-06_sample
Log filename: log_2024-07-19_19-27-06_sample.log
Skimmer output filename: output_2024-07-19_19-27-06_sample.coffea
Git hash: 2fa1eb7769e0cd69fc3c51e8eb01683e81477c55
Script Status: Successfully run
===========================================================
