---------------Script Timeline -------------------------
2024-07-20 00:32:07 - Script started
2024-07-20 00:32:07 - Adding and committing scripts to git
2024-07-20 00:32:07 - Files added and committed to Git
2024-07-20 00:32:07 - Fetching the current git hash
2024-07-20 00:32:07 - Current Git commit hash: 27405894f901d6caf9660e9b7d86d7cb15576ebb
2024-07-20 00:32:07 - python skimmer.py -s -o output_20240720_003207_sample.coffea


Working on ttbarSample_UL2016preVFP
Output file is stored in outputs/output_20240720_003207_sample.coffea
2024-07-20 00:32:17 - python messegeBOT.py
{'ok': True, 'result': {'message_id': 1102, 'from': {'id': 6939748954, 'is_bot': True, 'first_name': 'msgerFromCode', 'username': 'MessengerfromCodeBot'}, 'chat': {'id': 977112746, 'first_name': 'Mukund', 'last_name': 'Shelake', 'username': 'mksh_pune', 'type': 'private'}, 'date': 1721415499, 'text': 'Hello, this is a direct message from my code! The run is complete'}}
2024-07-20 00:32:17 - Script completed
===========================================================
2024-07-20 00:32:17 - ---------------Summary -------------------------
Timestamp: 20240720_003207_sample
Log filename: log_20240720_003207_sample.log
Skimmer output filename: output_20240720_003207_sample.coffea
Git hash: 27405894f901d6caf9660e9b7d86d7cb15576ebb
Script Status: Successfully run
===========================================================
