---------------Script Timeline -------------------------
2024-07-21 01:58:12 - Script started
2024-07-21 01:58:12 - Adding and committing scripts to git
2024-07-21 01:58:12 - Files added and committed to Git
2024-07-21 01:58:12 - Fetching the current git hash
2024-07-21 01:58:12 - Current Git commit hash: 07eed0c3616fbe5f41f73b8cb81ddeebbc81aa42
2024-07-21 01:58:12 - python skimmer.py -s -o skimmerOutput_20240721_015812_sample.coffea


Working on ttbarSample_UL2016preVFP
Output file is stored in outputs/skimmerOutput_20240721_015812_sample.coffea
2024-07-21 01:58:20 - python messegeBOT.py
{'ok': True, 'result': {'message_id': 1108, 'from': {'id': 6939748954, 'is_bot': True, 'first_name': 'msgerFromCode', 'username': 'MessengerfromCodeBot'}, 'chat': {'id': 977112746, 'first_name': 'Mukund', 'last_name': 'Shelake', 'username': 'mksh_pune', 'type': 'private'}, 'date': 1721507064, 'text': 'Hello, this is a direct message from my code! The run is complete'}}
2024-07-21 01:58:21 - Script completed
===========================================================
2024-07-21 01:58:21 - ---------------Summary -------------------------
Description: changed logging file directory and added skimmer to output file
Timestamp: 20240721_015812_sample
Log filename: logs/log_20240721_015812_sample.log
Skimmer output filename: skimmerOutput_20240721_015812_sample.coffea
Git hash: 07eed0c3616fbe5f41f73b8cb81ddeebbc81aa42
Script Status: Successfully run
===========================================================
