---------------Script Timeline -------------------------
2024-07-20 01:03:06 - Script started
2024-07-20 01:03:06 - Adding and committing scripts to git
Error: Last command failed with status 128
2024-07-20 01:03:06 - Files added and committed to Git
2024-07-20 01:03:06 - Fetching the current git hash
2024-07-20 01:03:06 - Current Git commit hash: 8dccfdd2afe09b12bd3417927451381c44ce106d
2024-07-20 01:03:06 - python skimmer.py -s -o output_20240720_010306_sample.coffea
  File "skimmer.py", line 151
    print(f"\n\nWorking on {to_analyze}")
                                       ^
SyntaxError: invalid syntax
2024-07-20 01:03:06 - python messegeBOT.py
  File "messegeBOT.py", line 9
    url = f'https://api.telegram.org/bot{BOT_TOKEN}/sendMessage'
                                                               ^
SyntaxError: invalid syntax
2024-07-20 01:03:06 - Script completed
===========================================================
2024-07-20 01:03:06 - ---------------Summary -------------------------
Timestamp: 20240720_010306_sample
Log filename: log_20240720_010306_sample.log
Skimmer output filename: output_20240720_010306_sample.coffea
Git hash: 8dccfdd2afe09b12bd3417927451381c44ce106d
Script Status: Failed
===========================================================
