---------------Script Timeline -------------------------
2024-07-19 19:25:43 - Script started
2024-07-19 19:25:43 - Adding and committing scripts to git
2024-07-19 19:25:43 - Files added and committed to Git
2024-07-19 19:25:43 - Fetching the current git hash
2024-07-19 19:25:43 - Current Git commit hash: b8bf2f034e924eefbf7515fcd83e4d24b6deb7fd
2024-07-19 19:25:43 - python newskimmer.py -s -o output_2024-07-19_19-25-43_sample.coffea


Working on ttbarSample_UL2016preVFP
Output file is stored in outputs/output_2024-07-19_19-25-43_sample.coffea
2024-07-19 19:25:54 - python messageBOT.py
python: can't open file '/home/mukund/Projects/updatedCoffea/Coffea_Analysis/src/Scripts/messageBOT.py': [Errno 2] No such file or directory
2024-07-19 19:25:54 - Script completed
===========================================================
2024-07-19 19:25:54 - ---------------Summary -------------------------
Timestamp: 2024-07-19_19-25-43_sample
Log filename: log_2024-07-19_19-25-43_sample.log
Skimmer output filename: output_2024-07-19_19-25-43_sample.coffea
Git hash: b8bf2f034e924eefbf7515fcd83e4d24b6deb7fd
Script Status: Successfully run
===========================================================
